<!doctype html public "-//w3c//dtd html 4.0 transitional//en">
<html><head>
<title>Static Call Graph - [..\OBJ\NWatch.axf]</title></head>
<body><HR>
<H1>Static Call Graph for image ..\OBJ\NWatch.axf</H1><HR>
<BR><P>#&#060CALLGRAPH&#062# ARM Linker, 5050169: Last Updated: Wed Feb 12 19:24:47 2020
<BR><P>
<H3>Maximum Stack Usage =        336 bytes + Unknown(Functions without stacksize, Cycles, Untraceable Function Pointers)</H3><H3>
Call chain for Maximum Stack Depth:</H3>
itemLoader &rArr; addBackOption &rArr; setMenuOption_P &rArr; setMenuOption &rArr; __hardfp_sin &rArr; __ieee754_rem_pio2 &rArr; __aeabi_d2iz
<P>
<H3>
Functions with no stack information
</H3><UL>
 <LI><a href="#[22f]">__user_initial_stackheap</a>
</UL>
</UL>
<P>
<H3>
Mutually Recursive functions
</H3> <LI><a href="#[10]">SysTick_Handler</a>&nbsp;&nbsp;&nbsp;&rArr;&nbsp;&nbsp;&nbsp;<a href="#[10]">SysTick_Handler</a><BR>
 <LI><a href="#[23]">ADC_IRQHandler</a>&nbsp;&nbsp;&nbsp;&rArr;&nbsp;&nbsp;&nbsp;<a href="#[23]">ADC_IRQHandler</a><BR>
 <LI><a href="#[b5]">next</a>&nbsp;&nbsp;&nbsp;&rArr;&nbsp;&nbsp;&nbsp;<a href="#[b5]">next</a><BR>
</UL>
<P>
<H3>
Function Pointers
</H3><UL>
 <LI><a href="#[23]">ADC_IRQHandler</a> from startup_stm32f40_41xxx.o(.text) referenced from startup_stm32f40_41xxx.o(RESET)
 <LI><a href="#[b]">BusFault_Handler</a> from stm32f4xx_it.o(.text) referenced from startup_stm32f40_41xxx.o(RESET)
 <LI><a href="#[25]">CAN1_RX0_IRQHandler</a> from startup_stm32f40_41xxx.o(.text) referenced from startup_stm32f40_41xxx.o(RESET)
 <LI><a href="#[26]">CAN1_RX1_IRQHandler</a> from startup_stm32f40_41xxx.o(.text) referenced from startup_stm32f40_41xxx.o(RESET)
 <LI><a href="#[27]">CAN1_SCE_IRQHandler</a> from startup_stm32f40_41xxx.o(.text) referenced from startup_stm32f40_41xxx.o(RESET)
 <LI><a href="#[24]">CAN1_TX_IRQHandler</a> from startup_stm32f40_41xxx.o(.text) referenced from startup_stm32f40_41xxx.o(RESET)
 <LI><a href="#[51]">CAN2_RX0_IRQHandler</a> from startup_stm32f40_41xxx.o(.text) referenced from startup_stm32f40_41xxx.o(RESET)
 <LI><a href="#[52]">CAN2_RX1_IRQHandler</a> from startup_stm32f40_41xxx.o(.text) referenced from startup_stm32f40_41xxx.o(RESET)
 <LI><a href="#[53]">CAN2_SCE_IRQHandler</a> from startup_stm32f40_41xxx.o(.text) referenced from startup_stm32f40_41xxx.o(RESET)
 <LI><a href="#[50]">CAN2_TX_IRQHandler</a> from startup_stm32f40_41xxx.o(.text) referenced from startup_stm32f40_41xxx.o(RESET)
 <LI><a href="#[60]">CRYP_IRQHandler</a> from startup_stm32f40_41xxx.o(.text) referenced from startup_stm32f40_41xxx.o(RESET)
 <LI><a href="#[5f]">DCMI_IRQHandler</a> from startup_stm32f40_41xxx.o(.text) referenced from startup_stm32f40_41xxx.o(RESET)
 <LI><a href="#[1c]">DMA1_Stream0_IRQHandler</a> from startup_stm32f40_41xxx.o(.text) referenced from startup_stm32f40_41xxx.o(RESET)
 <LI><a href="#[1d]">DMA1_Stream1_IRQHandler</a> from startup_stm32f40_41xxx.o(.text) referenced from startup_stm32f40_41xxx.o(RESET)
 <LI><a href="#[1e]">DMA1_Stream2_IRQHandler</a> from startup_stm32f40_41xxx.o(.text) referenced from startup_stm32f40_41xxx.o(RESET)
 <LI><a href="#[1f]">DMA1_Stream3_IRQHandler</a> from startup_stm32f40_41xxx.o(.text) referenced from startup_stm32f40_41xxx.o(RESET)
 <LI><a href="#[20]">DMA1_Stream4_IRQHandler</a> from startup_stm32f40_41xxx.o(.text) referenced from startup_stm32f40_41xxx.o(RESET)
 <LI><a href="#[21]">DMA1_Stream5_IRQHandler</a> from startup_stm32f40_41xxx.o(.text) referenced from startup_stm32f40_41xxx.o(RESET)
 <LI><a href="#[22]">DMA1_Stream6_IRQHandler</a> from startup_stm32f40_41xxx.o(.text) referenced from startup_stm32f40_41xxx.o(RESET)
 <LI><a href="#[40]">DMA1_Stream7_IRQHandler</a> from startup_stm32f40_41xxx.o(.text) referenced from startup_stm32f40_41xxx.o(RESET)
 <LI><a href="#[49]">DMA2_Stream0_IRQHandler</a> from startup_stm32f40_41xxx.o(.text) referenced from startup_stm32f40_41xxx.o(RESET)
 <LI><a href="#[4a]">DMA2_Stream1_IRQHandler</a> from startup_stm32f40_41xxx.o(.text) referenced from startup_stm32f40_41xxx.o(RESET)
 <LI><a href="#[4b]">DMA2_Stream2_IRQHandler</a> from startup_stm32f40_41xxx.o(.text) referenced from startup_stm32f40_41xxx.o(RESET)
 <LI><a href="#[4c]">DMA2_Stream3_IRQHandler</a> from startup_stm32f40_41xxx.o(.text) referenced from startup_stm32f40_41xxx.o(RESET)
 <LI><a href="#[4d]">DMA2_Stream4_IRQHandler</a> from startup_stm32f40_41xxx.o(.text) referenced from startup_stm32f40_41xxx.o(RESET)
 <LI><a href="#[55]">DMA2_Stream5_IRQHandler</a> from startup_stm32f40_41xxx.o(.text) referenced from startup_stm32f40_41xxx.o(RESET)
 <LI><a href="#[56]">DMA2_Stream6_IRQHandler</a> from startup_stm32f40_41xxx.o(.text) referenced from startup_stm32f40_41xxx.o(RESET)
 <LI><a href="#[57]">DMA2_Stream7_IRQHandler</a> from startup_stm32f40_41xxx.o(.text) referenced from startup_stm32f40_41xxx.o(RESET)
 <LI><a href="#[e]">DebugMon_Handler</a> from stm32f4xx_it.o(.text) referenced from startup_stm32f40_41xxx.o(RESET)
 <LI><a href="#[4e]">ETH_IRQHandler</a> from startup_stm32f40_41xxx.o(.text) referenced from startup_stm32f40_41xxx.o(RESET)
 <LI><a href="#[4f]">ETH_WKUP_IRQHandler</a> from startup_stm32f40_41xxx.o(.text) referenced from startup_stm32f40_41xxx.o(RESET)
 <LI><a href="#[17]">EXTI0_IRQHandler</a> from startup_stm32f40_41xxx.o(.text) referenced from startup_stm32f40_41xxx.o(RESET)
 <LI><a href="#[39]">EXTI15_10_IRQHandler</a> from startup_stm32f40_41xxx.o(.text) referenced from startup_stm32f40_41xxx.o(RESET)
 <LI><a href="#[18]">EXTI1_IRQHandler</a> from startup_stm32f40_41xxx.o(.text) referenced from startup_stm32f40_41xxx.o(RESET)
 <LI><a href="#[19]">EXTI2_IRQHandler</a> from startup_stm32f40_41xxx.o(.text) referenced from startup_stm32f40_41xxx.o(RESET)
 <LI><a href="#[1a]">EXTI3_IRQHandler</a> from startup_stm32f40_41xxx.o(.text) referenced from startup_stm32f40_41xxx.o(RESET)
 <LI><a href="#[1b]">EXTI4_IRQHandler</a> from startup_stm32f40_41xxx.o(.text) referenced from startup_stm32f40_41xxx.o(RESET)
 <LI><a href="#[28]">EXTI9_5_IRQHandler</a> from startup_stm32f40_41xxx.o(.text) referenced from startup_stm32f40_41xxx.o(RESET)
 <LI><a href="#[15]">FLASH_IRQHandler</a> from startup_stm32f40_41xxx.o(.text) referenced from startup_stm32f40_41xxx.o(RESET)
 <LI><a href="#[62]">FPU_IRQHandler</a> from startup_stm32f40_41xxx.o(.text) referenced from startup_stm32f40_41xxx.o(RESET)
 <LI><a href="#[41]">FSMC_IRQHandler</a> from startup_stm32f40_41xxx.o(.text) referenced from startup_stm32f40_41xxx.o(RESET)
 <LI><a href="#[61]">HASH_RNG_IRQHandler</a> from startup_stm32f40_41xxx.o(.text) referenced from startup_stm32f40_41xxx.o(RESET)
 <LI><a href="#[9]">HardFault_Handler</a> from stm32f4xx_it.o(.text) referenced from startup_stm32f40_41xxx.o(RESET)
 <LI><a href="#[31]">I2C1_ER_IRQHandler</a> from startup_stm32f40_41xxx.o(.text) referenced from startup_stm32f40_41xxx.o(RESET)
 <LI><a href="#[30]">I2C1_EV_IRQHandler</a> from startup_stm32f40_41xxx.o(.text) referenced from startup_stm32f40_41xxx.o(RESET)
 <LI><a href="#[33]">I2C2_ER_IRQHandler</a> from startup_stm32f40_41xxx.o(.text) referenced from startup_stm32f40_41xxx.o(RESET)
 <LI><a href="#[32]">I2C2_EV_IRQHandler</a> from startup_stm32f40_41xxx.o(.text) referenced from startup_stm32f40_41xxx.o(RESET)
 <LI><a href="#[5a]">I2C3_ER_IRQHandler</a> from startup_stm32f40_41xxx.o(.text) referenced from startup_stm32f40_41xxx.o(RESET)
 <LI><a href="#[59]">I2C3_EV_IRQHandler</a> from startup_stm32f40_41xxx.o(.text) referenced from startup_stm32f40_41xxx.o(RESET)
 <LI><a href="#[a]">MemManage_Handler</a> from stm32f4xx_it.o(.text) referenced from startup_stm32f40_41xxx.o(RESET)
 <LI><a href="#[8]">NMI_Handler</a> from stm32f4xx_it.o(.text) referenced from startup_stm32f40_41xxx.o(RESET)
 <LI><a href="#[54]">OTG_FS_IRQHandler</a> from startup_stm32f40_41xxx.o(.text) referenced from startup_stm32f40_41xxx.o(RESET)
 <LI><a href="#[3b]">OTG_FS_WKUP_IRQHandler</a> from startup_stm32f40_41xxx.o(.text) referenced from startup_stm32f40_41xxx.o(RESET)
 <LI><a href="#[5c]">OTG_HS_EP1_IN_IRQHandler</a> from startup_stm32f40_41xxx.o(.text) referenced from startup_stm32f40_41xxx.o(RESET)
 <LI><a href="#[5b]">OTG_HS_EP1_OUT_IRQHandler</a> from startup_stm32f40_41xxx.o(.text) referenced from startup_stm32f40_41xxx.o(RESET)
 <LI><a href="#[5e]">OTG_HS_IRQHandler</a> from startup_stm32f40_41xxx.o(.text) referenced from startup_stm32f40_41xxx.o(RESET)
 <LI><a href="#[5d]">OTG_HS_WKUP_IRQHandler</a> from startup_stm32f40_41xxx.o(.text) referenced from startup_stm32f40_41xxx.o(RESET)
 <LI><a href="#[12]">PVD_IRQHandler</a> from startup_stm32f40_41xxx.o(.text) referenced from startup_stm32f40_41xxx.o(RESET)
 <LI><a href="#[f]">PendSV_Handler</a> from stm32f4xx_it.o(.text) referenced from startup_stm32f40_41xxx.o(RESET)
 <LI><a href="#[16]">RCC_IRQHandler</a> from startup_stm32f40_41xxx.o(.text) referenced from startup_stm32f40_41xxx.o(RESET)
 <LI><a href="#[3a]">RTC_Alarm_IRQHandler</a> from rtc.o(.text) referenced from startup_stm32f40_41xxx.o(RESET)
 <LI><a href="#[14]">RTC_WKUP_IRQHandler</a> from rtc.o(.text) referenced from startup_stm32f40_41xxx.o(RESET)
 <LI><a href="#[7]">Reset_Handler</a> from startup_stm32f40_41xxx.o(.text) referenced from startup_stm32f40_41xxx.o(RESET)
 <LI><a href="#[42]">SDIO_IRQHandler</a> from startup_stm32f40_41xxx.o(.text) referenced from startup_stm32f40_41xxx.o(RESET)
 <LI><a href="#[34]">SPI1_IRQHandler</a> from startup_stm32f40_41xxx.o(.text) referenced from startup_stm32f40_41xxx.o(RESET)
 <LI><a href="#[35]">SPI2_IRQHandler</a> from startup_stm32f40_41xxx.o(.text) referenced from startup_stm32f40_41xxx.o(RESET)
 <LI><a href="#[44]">SPI3_IRQHandler</a> from startup_stm32f40_41xxx.o(.text) referenced from startup_stm32f40_41xxx.o(RESET)
 <LI><a href="#[d]">SVC_Handler</a> from stm32f4xx_it.o(.text) referenced from startup_stm32f40_41xxx.o(RESET)
 <LI><a href="#[10]">SysTick_Handler</a> from startup_stm32f40_41xxx.o(.text) referenced from startup_stm32f40_41xxx.o(RESET)
 <LI><a href="#[bf]">SystemInit</a> from system_stm32f4xx.o(.text) referenced from startup_stm32f40_41xxx.o(.text)
 <LI><a href="#[13]">TAMP_STAMP_IRQHandler</a> from startup_stm32f40_41xxx.o(.text) referenced from startup_stm32f40_41xxx.o(RESET)
 <LI><a href="#[29]">TIM1_BRK_TIM9_IRQHandler</a> from startup_stm32f40_41xxx.o(.text) referenced from startup_stm32f40_41xxx.o(RESET)
 <LI><a href="#[2c]">TIM1_CC_IRQHandler</a> from startup_stm32f40_41xxx.o(.text) referenced from startup_stm32f40_41xxx.o(RESET)
 <LI><a href="#[2b]">TIM1_TRG_COM_TIM11_IRQHandler</a> from startup_stm32f40_41xxx.o(.text) referenced from startup_stm32f40_41xxx.o(RESET)
 <LI><a href="#[2a]">TIM1_UP_TIM10_IRQHandler</a> from startup_stm32f40_41xxx.o(.text) referenced from startup_stm32f40_41xxx.o(RESET)
 <LI><a href="#[2d]">TIM2_IRQHandler</a> from millis.o(.text) referenced from startup_stm32f40_41xxx.o(RESET)
 <LI><a href="#[2e]">TIM3_IRQHandler</a> from startup_stm32f40_41xxx.o(.text) referenced from startup_stm32f40_41xxx.o(RESET)
 <LI><a href="#[2f]">TIM4_IRQHandler</a> from startup_stm32f40_41xxx.o(.text) referenced from startup_stm32f40_41xxx.o(RESET)
 <LI><a href="#[43]">TIM5_IRQHandler</a> from startup_stm32f40_41xxx.o(.text) referenced from startup_stm32f40_41xxx.o(RESET)
 <LI><a href="#[47]">TIM6_DAC_IRQHandler</a> from startup_stm32f40_41xxx.o(.text) referenced from startup_stm32f40_41xxx.o(RESET)
 <LI><a href="#[48]">TIM7_IRQHandler</a> from startup_stm32f40_41xxx.o(.text) referenced from startup_stm32f40_41xxx.o(RESET)
 <LI><a href="#[3c]">TIM8_BRK_TIM12_IRQHandler</a> from startup_stm32f40_41xxx.o(.text) referenced from startup_stm32f40_41xxx.o(RESET)
 <LI><a href="#[3f]">TIM8_CC_IRQHandler</a> from startup_stm32f40_41xxx.o(.text) referenced from startup_stm32f40_41xxx.o(RESET)
 <LI><a href="#[3e]">TIM8_TRG_COM_TIM14_IRQHandler</a> from startup_stm32f40_41xxx.o(.text) referenced from startup_stm32f40_41xxx.o(RESET)
 <LI><a href="#[3d]">TIM8_UP_TIM13_IRQHandler</a> from startup_stm32f40_41xxx.o(.text) referenced from startup_stm32f40_41xxx.o(RESET)
 <LI><a href="#[45]">UART4_IRQHandler</a> from startup_stm32f40_41xxx.o(.text) referenced from startup_stm32f40_41xxx.o(RESET)
 <LI><a href="#[46]">UART5_IRQHandler</a> from startup_stm32f40_41xxx.o(.text) referenced from startup_stm32f40_41xxx.o(RESET)
 <LI><a href="#[36]">USART1_IRQHandler</a> from usart.o(.text) referenced from startup_stm32f40_41xxx.o(RESET)
 <LI><a href="#[37]">USART2_IRQHandler</a> from startup_stm32f40_41xxx.o(.text) referenced from startup_stm32f40_41xxx.o(RESET)
 <LI><a href="#[38]">USART3_IRQHandler</a> from startup_stm32f40_41xxx.o(.text) referenced from startup_stm32f40_41xxx.o(RESET)
 <LI><a href="#[58]">USART6_IRQHandler</a> from startup_stm32f40_41xxx.o(.text) referenced from startup_stm32f40_41xxx.o(RESET)
 <LI><a href="#[c]">UsageFault_Handler</a> from stm32f4xx_it.o(.text) referenced from startup_stm32f40_41xxx.o(RESET)
 <LI><a href="#[11]">WWDG_IRQHandler</a> from startup_stm32f40_41xxx.o(.text) referenced from startup_stm32f40_41xxx.o(RESET)
 <LI><a href="#[c4]">__main</a> from __main.o(!!!main) referenced from startup_stm32f40_41xxx.o(.text)
 <LI><a href="#[c2]">_printf_input_char</a> from _printf_char_common.o(.text) referenced from _printf_char_common.o(.text)
 <LI><a href="#[c1]">_sputc</a> from _sputc.o(.text) referenced from noretval__2sprintf.o(.text)
 <LI><a href="#[84]">alarmsDown</a> from alarms.o(.text) referenced from alarms.o(.text)
 <LI><a href="#[85]">alarmsDraw</a> from alarms.o(.text) referenced from alarms.o(.text)
 <LI><a href="#[82]">alarmsUp</a> from alarms.o(.text) referenced from alarms.o(.text)
 <LI><a href="#[119]">back</a> from menu.o(.text) referenced from menu.o(.text)
 <LI><a href="#[a0]">batteryUpdate</a> from diag.o(.text) referenced from diag.o(.text)
 <LI><a href="#[95]">btnBounce</a> from game3.o(.text) referenced from game3.o(.text)
 <LI><a href="#[90]">btnDown</a> from game2.o(.text) referenced from game2.o(.text)
 <LI><a href="#[89]">btnExit</a> from stopwatch.o(.text) referenced 5 times from stopwatch.o(.text)
 <LI><a href="#[9e]">btnFlashRate</a> from torch.o(.text) referenced from torch.o(.text)
 <LI><a href="#[8c]">btnLeft</a> from game1.o(.text) referenced from game1.o(.text)
 <LI><a href="#[96]">btnPause</a> from game3.o(.text) referenced from game3.o(.text)
 <LI><a href="#[8b]">btnReset</a> from stopwatch.o(.text) referenced from stopwatch.o(.text)
 <LI><a href="#[8e]">btnRight</a> from game1.o(.text) referenced from game1.o(.text)
 <LI><a href="#[8a]">btnStartStop</a> from stopwatch.o(.text) referenced from stopwatch.o(.text)
 <LI><a href="#[92]">btnUp</a> from game2.o(.text) referenced from game2.o(.text)
 <LI><a href="#[87]">display_load</a> from display.o(.text) referenced 5 times from stopwatch.o(.text)
 <LI><a href="#[b4]">down</a> from tunemaker.o(.text) referenced from tunemaker.o(.text)
 <LI><a href="#[74]">draw</a> from normal.o(.text) referenced 7 times from normal.o(.text)
 <LI><a href="#[c3]">fputc</a> from usart.o(.text) referenced from _printf_char_file.o(.text)
 <LI><a href="#[16c]">game1_draw</a> from game1.o(.text) referenced from game1.o(.text)
 <LI><a href="#[97]">game1_start</a> from game1.o(.text) referenced from games.o(.text)
 <LI><a href="#[98]">game2_start</a> from game2.o(.text) referenced from games.o(.text)
 <LI><a href="#[99]">game3_start</a> from game3.o(.text) referenced from games.o(.text)
 <LI><a href="#[6f]">itemLoader</a> from m_main.o(.text) referenced 11 times from m_main.o(.text)
 <LI><a href="#[64]">mAlarmsOpen</a> from alarms.o(.text) referenced 2 times from m_main.o(.text)
 <LI><a href="#[a7]">mDiagOpen</a> from diag.o(.text) referenced 2 times from settings.o(.text)
 <LI><a href="#[a6]">mDisplayOpen</a> from m_display.o(.text) referenced 2 times from settings.o(.text)
 <LI><a href="#[78]">mDown</a> from timedate.o(.text) referenced 2 times from timedate.o(.text)
 <LI><a href="#[be]">mDraw</a> from sleep.o(.text) referenced from sleep.o(.text)
 <LI><a href="#[68]">mGamesOpen</a> from games.o(.text) referenced 2 times from m_main.o(.text)
 <LI><a href="#[73]">mOpen</a> from m_main.o(.text) referenced from m_main.o(.text)
 <LI><a href="#[71]">mSelect</a> from m_main.o(.text) referenced 11 times from m_main.o(.text)
 <LI><a href="#[69]">mSettingsOpen</a> from settings.o(.text) referenced 2 times from m_main.o(.text)
 <LI><a href="#[a4]">mSleepOpen</a> from sleep.o(.text) referenced 2 times from settings.o(.text)
 <LI><a href="#[a5]">mSoundOpen</a> from sound.o(.text) referenced 2 times from settings.o(.text)
 <LI><a href="#[a3]">mTimeDateOpen</a> from timedate.o(.text) referenced 2 times from settings.o(.text)
 <LI><a href="#[76]">mUp</a> from timedate.o(.text) referenced 2 times from timedate.o(.text)
 <LI><a href="#[6a]">menu_close</a> from menu.o(.text) referenced from m_main.o(.text)
 <LI><a href="#[6c]">menu_down</a> from menu.o(.text) referenced from m_main.o(.text)
 <LI><a href="#[6b]">menu_draw</a> from menu.o(.text) referenced from m_main.o(.text)
 <LI><a href="#[6d]">menu_select</a> from menu.o(.text) referenced 2 times from m_main.o(.text)
 <LI><a href="#[6e]">menu_up</a> from menu.o(.text) referenced from m_main.o(.text)
 <LI><a href="#[b5]">next</a> from tune.o(.text) referenced from tune.o(.text)
 <LI><a href="#[72]">nextOption</a> from menu.o(.text) referenced 9 times from m_main.o(.text)
 <LI><a href="#[70]">prevOption</a> from menu.o(.text) referenced 9 times from m_main.o(.text)
 <LI><a href="#[7e]">saveTimeDate</a> from timedate.o(.text) referenced from timedate.o(.text)
 <LI><a href="#[b3]">select</a> from tunemaker.o(.text) referenced from tunemaker.o(.text)
 <LI><a href="#[86]">selectAlarm</a> from alarms.o(.text) referenced from alarms.o(.text)
 <LI><a href="#[7d]">selectDate</a> from timedate.o(.text) referenced from timedate.o(.text)
 <LI><a href="#[7c]">selectTime</a> from timedate.o(.text) referenced from timedate.o(.text)
 <LI><a href="#[ad]">setAnimations</a> from m_display.o(.text) referenced from m_display.o(.text)
 <LI><a href="#[aa]">setBrightness</a> from m_display.o(.text) referenced from m_display.o(.text)
 <LI><a href="#[ab]">setInvert</a> from m_display.o(.text) referenced from m_display.o(.text)
 <LI><a href="#[ae]">setLEDs</a> from m_display.o(.text) referenced from m_display.o(.text)
 <LI><a href="#[ac]">setRotate</a> from m_display.o(.text) referenced from m_display.o(.text)
 <LI><a href="#[9f]">setShowFPS</a> from diag.o(.text) referenced from diag.o(.text)
 <LI><a href="#[bb]">setTimeout</a> from sleep.o(.text) referenced from sleep.o(.text)
 <LI><a href="#[b7]">setVolumeAlarm</a> from sound.o(.text) referenced from sound.o(.text)
 <LI><a href="#[b8]">setVolumeHour</a> from sound.o(.text) referenced from sound.o(.text)
 <LI><a href="#[b6]">setVolumeUI</a> from sound.o(.text) referenced from sound.o(.text)
 <LI><a href="#[80]">stopAlarm</a> from alarm.o(.text) referenced from alarm.o(.text)
 <LI><a href="#[66]">stopwatch_open</a> from stopwatch.o(.text) referenced from m_main.o(.text)
 <LI><a href="#[7a]">timeDataDown</a> from timedate.o(.text) referenced from timedate.o(.text)
 <LI><a href="#[79]">timeDataUp</a> from timedate.o(.text) referenced from timedate.o(.text)
 <LI><a href="#[7b]">timeDateDraw</a> from timedate.o(.text) referenced from timedate.o(.text)
 <LI><a href="#[65]">torch_open</a> from torch.o(.text) referenced from m_main.o(.text)
 <LI><a href="#[67]">tunemakerOpen</a> from tunemaker.o(.text) referenced from m_main.o(.text)
 <LI><a href="#[b2]">up</a> from tunemaker.o(.text) referenced from tunemaker.o(.text)
 <LI><a href="#[63]">watchface_normal</a> from normal.o(.text) referenced from main.o(.text)
</UL>
<P>
<H3>
Global Symbols
</H3>
<P><STRONG><a name="[c4]"></a>__main</STRONG> (Thumb, 8 bytes, Stack size 0 bytes, __main.o(!!!main))
<BR><BR>[Calls]<UL><LI><a href="#[c6]">&gt;&gt;</a>&nbsp;&nbsp;&nbsp;__rt_entry
<LI><a href="#[c5]">&gt;&gt;</a>&nbsp;&nbsp;&nbsp;__scatterload
</UL>

<P><STRONG><a name="[c5]"></a>__scatterload</STRONG> (Thumb, 0 bytes, Stack size unknown bytes, __scatter.o(!!!scatter))
<BR><BR>[Called By]<UL><LI><a href="#[c4]">&gt;&gt;</a>&nbsp;&nbsp;&nbsp;__main
</UL>

<P><STRONG><a name="[c7]"></a>__scatterload_rt2</STRONG> (Thumb, 44 bytes, Stack size unknown bytes, __scatter.o(!!!scatter), UNUSED)
<BR><BR>[Calls]<UL><LI><a href="#[c6]">&gt;&gt;</a>&nbsp;&nbsp;&nbsp;__rt_entry
</UL>

<P><STRONG><a name="[252]"></a>__scatterload_rt2_thumb_only</STRONG> (Thumb, 0 bytes, Stack size unknown bytes, __scatter.o(!!!scatter), UNUSED)

<P><STRONG><a name="[253]"></a>__scatterload_null</STRONG> (Thumb, 0 bytes, Stack size unknown bytes, __scatter.o(!!!scatter), UNUSED)

<P><STRONG><a name="[254]"></a>__decompress</STRONG> (Thumb, 58 bytes, Stack size unknown bytes, __dczerorl.o(!!dczerorl), UNUSED)

<P><STRONG><a name="[255]"></a>__decompress0</STRONG> (Thumb, 0 bytes, Stack size unknown bytes, __dczerorl.o(!!dczerorl), UNUSED)

<P><STRONG><a name="[256]"></a>__scatterload_zeroinit</STRONG> (Thumb, 28 bytes, Stack size unknown bytes, __scatter_zi.o(!!handler_zi), UNUSED)

<P><STRONG><a name="[c8]"></a>_printf_d</STRONG> (Thumb, 0 bytes, Stack size unknown bytes, _printf_d.o(.ARM.Collect$$_printf_percent$$00000009))
<BR><BR>[Stack]<UL><LI>Max Depth = 72 + Unknown Stack Size
<LI>Call Chain = _printf_d &rArr; _printf_int_dec &rArr; _printf_int_common &rArr; _printf_post_padding
</UL>
<BR>[Calls]<UL><LI><a href="#[c9]">&gt;&gt;</a>&nbsp;&nbsp;&nbsp;_printf_int_dec
</UL>

<P><STRONG><a name="[21f]"></a>_printf_percent</STRONG> (Thumb, 0 bytes, Stack size unknown bytes, _printf_percent.o(.ARM.Collect$$_printf_percent$$00000000))
<BR><BR>[Called By]<UL><LI><a href="#[21d]">&gt;&gt;</a>&nbsp;&nbsp;&nbsp;__printf
</UL>

<P><STRONG><a name="[ca]"></a>_printf_u</STRONG> (Thumb, 0 bytes, Stack size unknown bytes, _printf_u.o(.ARM.Collect$$_printf_percent$$0000000A))
<BR><BR>[Stack]<UL><LI>Max Depth = 72 + Unknown Stack Size
<LI>Call Chain = _printf_u &rArr; _printf_int_dec &rArr; _printf_int_common &rArr; _printf_post_padding
</UL>
<BR>[Calls]<UL><LI><a href="#[c9]">&gt;&gt;</a>&nbsp;&nbsp;&nbsp;_printf_int_dec
</UL>

<P><STRONG><a name="[cb]"></a>_printf_c</STRONG> (Thumb, 0 bytes, Stack size unknown bytes, _printf_c.o(.ARM.Collect$$_printf_percent$$00000013))
<BR><BR>[Stack]<UL><LI>Max Depth = 40 + Unknown Stack Size
<LI>Call Chain = _printf_c &rArr; _printf_char &rArr; _printf_cs_common &rArr; _printf_str &rArr; _printf_post_padding
</UL>
<BR>[Calls]<UL><LI><a href="#[cc]">&gt;&gt;</a>&nbsp;&nbsp;&nbsp;_printf_char
</UL>

<P><STRONG><a name="[cd]"></a>_printf_s</STRONG> (Thumb, 0 bytes, Stack size unknown bytes, _printf_s.o(.ARM.Collect$$_printf_percent$$00000014))
<BR><BR>[Stack]<UL><LI>Max Depth = 40 + Unknown Stack Size
<LI>Call Chain = _printf_s &rArr; _printf_string &rArr; _printf_cs_common &rArr; _printf_str &rArr; _printf_post_padding
</UL>
<BR>[Calls]<UL><LI><a href="#[ce]">&gt;&gt;</a>&nbsp;&nbsp;&nbsp;_printf_string
</UL>

<P><STRONG><a name="[257]"></a>_printf_percent_end</STRONG> (Thumb, 0 bytes, Stack size unknown bytes, _printf_percent_end.o(.ARM.Collect$$_printf_percent$$00000017))

<P><STRONG><a name="[d8]"></a>__rt_lib_init</STRONG> (Thumb, 0 bytes, Stack size unknown bytes, libinit.o(.ARM.Collect$$libinit$$00000000))
<BR><BR>[Called By]<UL><LI><a href="#[d7]">&gt;&gt;</a>&nbsp;&nbsp;&nbsp;__rt_entry_li
</UL>

<P><STRONG><a name="[cf]"></a>__rt_lib_init_fp_1</STRONG> (Thumb, 0 bytes, Stack size unknown bytes, libinit2.o(.ARM.Collect$$libinit$$00000001))
<BR><BR>[Calls]<UL><LI><a href="#[d0]">&gt;&gt;</a>&nbsp;&nbsp;&nbsp;_fp_init
</UL>

<P><STRONG><a name="[d1]"></a>__rt_lib_init_heap_2</STRONG> (Thumb, 0 bytes, Stack size unknown bytes, libinit2.o(.ARM.Collect$$libinit$$00000005))
<BR><BR>[Stack]<UL><LI>Max Depth = 56 + Unknown Stack Size
<LI>Call Chain = __rt_lib_init_heap_2 &rArr; _init_alloc &rArr; __rt_SIGRTMEM &rArr; __rt_SIGRTMEM_inner &rArr; __default_signal_display
</UL>
<BR>[Calls]<UL><LI><a href="#[d2]">&gt;&gt;</a>&nbsp;&nbsp;&nbsp;_init_alloc
</UL>

<P><STRONG><a name="[258]"></a>__rt_lib_init_preinit_1</STRONG> (Thumb, 0 bytes, Stack size unknown bytes, libinit2.o(.ARM.Collect$$libinit$$00000004))

<P><STRONG><a name="[259]"></a>__rt_lib_init_heap_1</STRONG> (Thumb, 0 bytes, Stack size unknown bytes, libinit2.o(.ARM.Collect$$libinit$$0000000A))

<P><STRONG><a name="[d3]"></a>__rt_lib_init_rand_2</STRONG> (Thumb, 0 bytes, Stack size unknown bytes, libinit2.o(.ARM.Collect$$libinit$$0000000D))
<BR><BR>[Stack]<UL><LI>Max Depth = 8 + Unknown Stack Size
<LI>Call Chain = __rt_lib_init_rand_2 &rArr; _rand_init &rArr; srand
</UL>
<BR>[Calls]<UL><LI><a href="#[d4]">&gt;&gt;</a>&nbsp;&nbsp;&nbsp;_rand_init
</UL>

<P><STRONG><a name="[25a]"></a>__rt_lib_init_user_alloc_1</STRONG> (Thumb, 0 bytes, Stack size unknown bytes, libinit2.o(.ARM.Collect$$libinit$$0000000C))

<P><STRONG><a name="[25b]"></a>__rt_lib_init_alloca_1</STRONG> (Thumb, 0 bytes, Stack size unknown bytes, libinit2.o(.ARM.Collect$$libinit$$0000002E))

<P><STRONG><a name="[25c]"></a>__rt_lib_init_argv_1</STRONG> (Thumb, 0 bytes, Stack size unknown bytes, libinit2.o(.ARM.Collect$$libinit$$0000002C))

<P><STRONG><a name="[25d]"></a>__rt_lib_init_atexit_1</STRONG> (Thumb, 0 bytes, Stack size unknown bytes, libinit2.o(.ARM.Collect$$libinit$$0000001B))

<P><STRONG><a name="[25e]"></a>__rt_lib_init_clock_1</STRONG> (Thumb, 0 bytes, Stack size unknown bytes, libinit2.o(.ARM.Collect$$libinit$$00000021))

<P><STRONG><a name="[25f]"></a>__rt_lib_init_cpp_1</STRONG> (Thumb, 0 bytes, Stack size unknown bytes, libinit2.o(.ARM.Collect$$libinit$$00000032))

<P><STRONG><a name="[260]"></a>__rt_lib_init_exceptions_1</STRONG> (Thumb, 0 bytes, Stack size unknown bytes, libinit2.o(.ARM.Collect$$libinit$$00000030))

<P><STRONG><a name="[261]"></a>__rt_lib_init_fp_trap_1</STRONG> (Thumb, 0 bytes, Stack size unknown bytes, libinit2.o(.ARM.Collect$$libinit$$0000001F))

<P><STRONG><a name="[262]"></a>__rt_lib_init_getenv_1</STRONG> (Thumb, 0 bytes, Stack size unknown bytes, libinit2.o(.ARM.Collect$$libinit$$00000023))

<P><STRONG><a name="[263]"></a>__rt_lib_init_lc_collate_1</STRONG> (Thumb, 0 bytes, Stack size unknown bytes, libinit2.o(.ARM.Collect$$libinit$$00000011))

<P><STRONG><a name="[264]"></a>__rt_lib_init_lc_ctype_1</STRONG> (Thumb, 0 bytes, Stack size unknown bytes, libinit2.o(.ARM.Collect$$libinit$$00000013))

<P><STRONG><a name="[265]"></a>__rt_lib_init_lc_monetary_1</STRONG> (Thumb, 0 bytes, Stack size unknown bytes, libinit2.o(.ARM.Collect$$libinit$$00000015))

<P><STRONG><a name="[266]"></a>__rt_lib_init_lc_numeric_1</STRONG> (Thumb, 0 bytes, Stack size unknown bytes, libinit2.o(.ARM.Collect$$libinit$$00000017))

<P><STRONG><a name="[267]"></a>__rt_lib_init_lc_time_1</STRONG> (Thumb, 0 bytes, Stack size unknown bytes, libinit2.o(.ARM.Collect$$libinit$$00000019))

<P><STRONG><a name="[268]"></a>__rt_lib_init_rand_1</STRONG> (Thumb, 0 bytes, Stack size unknown bytes, libinit2.o(.ARM.Collect$$libinit$$0000000E))

<P><STRONG><a name="[269]"></a>__rt_lib_init_return</STRONG> (Thumb, 0 bytes, Stack size unknown bytes, libinit2.o(.ARM.Collect$$libinit$$00000033))

<P><STRONG><a name="[26a]"></a>__rt_lib_init_signal_1</STRONG> (Thumb, 0 bytes, Stack size unknown bytes, libinit2.o(.ARM.Collect$$libinit$$0000001D))

<P><STRONG><a name="[26b]"></a>__rt_lib_init_stdio_1</STRONG> (Thumb, 0 bytes, Stack size unknown bytes, libinit2.o(.ARM.Collect$$libinit$$00000025))

<P><STRONG><a name="[dd]"></a>__rt_lib_shutdown</STRONG> (Thumb, 0 bytes, Stack size unknown bytes, libshutdown.o(.ARM.Collect$$libshutdown$$00000000))
<BR><BR>[Called By]<UL><LI><a href="#[dc]">&gt;&gt;</a>&nbsp;&nbsp;&nbsp;__rt_exit_ls
</UL>

<P><STRONG><a name="[26c]"></a>__rt_lib_shutdown_fp_trap_1</STRONG> (Thumb, 0 bytes, Stack size unknown bytes, libshutdown2.o(.ARM.Collect$$libshutdown$$00000006))

<P><STRONG><a name="[26d]"></a>__rt_lib_shutdown_heap_1</STRONG> (Thumb, 0 bytes, Stack size unknown bytes, libshutdown2.o(.ARM.Collect$$libshutdown$$0000000E))

<P><STRONG><a name="[26e]"></a>__rt_lib_shutdown_return</STRONG> (Thumb, 0 bytes, Stack size unknown bytes, libshutdown2.o(.ARM.Collect$$libshutdown$$0000000F))

<P><STRONG><a name="[26f]"></a>__rt_lib_shutdown_signal_1</STRONG> (Thumb, 0 bytes, Stack size unknown bytes, libshutdown2.o(.ARM.Collect$$libshutdown$$00000009))

<P><STRONG><a name="[270]"></a>__rt_lib_shutdown_stdio_1</STRONG> (Thumb, 0 bytes, Stack size unknown bytes, libshutdown2.o(.ARM.Collect$$libshutdown$$00000003))

<P><STRONG><a name="[271]"></a>__rt_lib_shutdown_user_alloc_1</STRONG> (Thumb, 0 bytes, Stack size unknown bytes, libshutdown2.o(.ARM.Collect$$libshutdown$$0000000B))

<P><STRONG><a name="[c6]"></a>__rt_entry</STRONG> (Thumb, 0 bytes, Stack size unknown bytes, __rtentry.o(.ARM.Collect$$rtentry$$00000000))
<BR><BR>[Called By]<UL><LI><a href="#[c4]">&gt;&gt;</a>&nbsp;&nbsp;&nbsp;__main
<LI><a href="#[c7]">&gt;&gt;</a>&nbsp;&nbsp;&nbsp;__scatterload_rt2
</UL>

<P><STRONG><a name="[272]"></a>__rt_entry_presh_1</STRONG> (Thumb, 0 bytes, Stack size unknown bytes, __rtentry2.o(.ARM.Collect$$rtentry$$00000002))

<P><STRONG><a name="[d5]"></a>__rt_entry_sh</STRONG> (Thumb, 0 bytes, Stack size unknown bytes, __rtentry4.o(.ARM.Collect$$rtentry$$00000004))
<BR><BR>[Stack]<UL><LI>Max Depth = 8 + Unknown Stack Size
<LI>Call Chain = __rt_entry_sh &rArr; __user_setup_stackheap
</UL>
<BR>[Calls]<UL><LI><a href="#[d6]">&gt;&gt;</a>&nbsp;&nbsp;&nbsp;__user_setup_stackheap
</UL>

<P><STRONG><a name="[d7]"></a>__rt_entry_li</STRONG> (Thumb, 0 bytes, Stack size unknown bytes, __rtentry2.o(.ARM.Collect$$rtentry$$0000000A))
<BR><BR>[Calls]<UL><LI><a href="#[d8]">&gt;&gt;</a>&nbsp;&nbsp;&nbsp;__rt_lib_init
</UL>

<P><STRONG><a name="[273]"></a>__rt_entry_postsh_1</STRONG> (Thumb, 0 bytes, Stack size unknown bytes, __rtentry2.o(.ARM.Collect$$rtentry$$00000009))

<P><STRONG><a name="[d9]"></a>__rt_entry_main</STRONG> (Thumb, 0 bytes, Stack size unknown bytes, __rtentry2.o(.ARM.Collect$$rtentry$$0000000D))
<BR><BR>[Stack]<UL><LI>Max Depth = 176 + Unknown Stack Size
<LI>Call Chain = __rt_entry_main &rArr; main &rArr; c_loop &rArr; display_update &rArr; __2sprintf &rArr; _printf_char_common &rArr; __printf
</UL>
<BR>[Calls]<UL><LI><a href="#[da]">&gt;&gt;</a>&nbsp;&nbsp;&nbsp;main
<LI><a href="#[db]">&gt;&gt;</a>&nbsp;&nbsp;&nbsp;exit
</UL>

<P><STRONG><a name="[274]"></a>__rt_entry_postli_1</STRONG> (Thumb, 0 bytes, Stack size unknown bytes, __rtentry2.o(.ARM.Collect$$rtentry$$0000000C))

<P><STRONG><a name="[230]"></a>__rt_exit</STRONG> (Thumb, 0 bytes, Stack size unknown bytes, rtexit.o(.ARM.Collect$$rtexit$$00000000))
<BR><BR>[Called By]<UL><LI><a href="#[db]">&gt;&gt;</a>&nbsp;&nbsp;&nbsp;exit
</UL>

<P><STRONG><a name="[dc]"></a>__rt_exit_ls</STRONG> (Thumb, 0 bytes, Stack size unknown bytes, rtexit2.o(.ARM.Collect$$rtexit$$00000003))
<BR><BR>[Calls]<UL><LI><a href="#[dd]">&gt;&gt;</a>&nbsp;&nbsp;&nbsp;__rt_lib_shutdown
</UL>

<P><STRONG><a name="[275]"></a>__rt_exit_prels_1</STRONG> (Thumb, 0 bytes, Stack size unknown bytes, rtexit2.o(.ARM.Collect$$rtexit$$00000002))

<P><STRONG><a name="[de]"></a>__rt_exit_exit</STRONG> (Thumb, 0 bytes, Stack size unknown bytes, rtexit2.o(.ARM.Collect$$rtexit$$00000004))
<BR><BR>[Calls]<UL><LI><a href="#[df]">&gt;&gt;</a>&nbsp;&nbsp;&nbsp;_sys_exit
</UL>

<P><STRONG><a name="[16d]"></a>rand</STRONG> (Thumb, 48 bytes, Stack size 0 bytes, rand.o(.emb_text))
<BR><BR>[Called By]<UL><LI><a href="#[93]">&gt;&gt;</a>&nbsp;&nbsp;&nbsp;draw
<LI><a href="#[8f]">&gt;&gt;</a>&nbsp;&nbsp;&nbsp;draw
<LI><a href="#[16c]">&gt;&gt;</a>&nbsp;&nbsp;&nbsp;game1_draw
</UL>

<P><STRONG><a name="[276]"></a>_maybe_terminate_alloc</STRONG> (Thumb, 0 bytes, Stack size 8 bytes, maybetermalloc1.o(.emb_text), UNUSED)

<P><STRONG><a name="[e0]"></a>c_setup</STRONG> (Thumb, 126 bytes, Stack size 8 bytes, main.o(.text))
<BR><BR>[Stack]<UL><LI>Max Depth = 176<LI>Call Chain = c_setup &rArr; LCD_Init &rArr; LCD_Clear &rArr; LCD_SetCursor &rArr; LCD_WR_DATA
</UL>
<BR>[Calls]<UL><LI><a href="#[ec]">&gt;&gt;</a>&nbsp;&nbsp;&nbsp;time_init
<LI><a href="#[ed]">&gt;&gt;</a>&nbsp;&nbsp;&nbsp;rtc_init
<LI><a href="#[eb]">&gt;&gt;</a>&nbsp;&nbsp;&nbsp;millis_init
<LI><a href="#[e5]">&gt;&gt;</a>&nbsp;&nbsp;&nbsp;led_init
<LI><a href="#[e7]">&gt;&gt;</a>&nbsp;&nbsp;&nbsp;global_init
<LI><a href="#[ee]">&gt;&gt;</a>&nbsp;&nbsp;&nbsp;display_set
<LI><a href="#[87]">&gt;&gt;</a>&nbsp;&nbsp;&nbsp;display_load
<LI><a href="#[e2]">&gt;&gt;</a>&nbsp;&nbsp;&nbsp;delay_init
<LI><a href="#[e6]">&gt;&gt;</a>&nbsp;&nbsp;&nbsp;buzzer_init
<LI><a href="#[ea]">&gt;&gt;</a>&nbsp;&nbsp;&nbsp;buttons_init
<LI><a href="#[e8]">&gt;&gt;</a>&nbsp;&nbsp;&nbsp;appconfig_init
<LI><a href="#[e9]">&gt;&gt;</a>&nbsp;&nbsp;&nbsp;alarm_init
<LI><a href="#[bf]">&gt;&gt;</a>&nbsp;&nbsp;&nbsp;SystemInit
<LI><a href="#[e1]">&gt;&gt;</a>&nbsp;&nbsp;&nbsp;NVIC_PriorityGroupConfig
<LI><a href="#[e3]">&gt;&gt;</a>&nbsp;&nbsp;&nbsp;LCD_Init
<LI><a href="#[ef]">&gt;&gt;</a>&nbsp;&nbsp;&nbsp;LCD_Clear
<LI><a href="#[e4]">&gt;&gt;</a>&nbsp;&nbsp;&nbsp;__aeabi_memclr
</UL>
<BR>[Called By]<UL><LI><a href="#[da]">&gt;&gt;</a>&nbsp;&nbsp;&nbsp;main
</UL>

<P><STRONG><a name="[f0]"></a>c_loop</STRONG> (Thumb, 42 bytes, Stack size 8 bytes, main.o(.text))
<BR><BR>[Stack]<UL><LI>Max Depth = 176 + Unknown Stack Size
<LI>Call Chain = c_loop &rArr; display_update &rArr; __2sprintf &rArr; _printf_char_common &rArr; __printf
</UL>
<BR>[Calls]<UL><LI><a href="#[f1]">&gt;&gt;</a>&nbsp;&nbsp;&nbsp;time_update
<LI><a href="#[f5]">&gt;&gt;</a>&nbsp;&nbsp;&nbsp;stopwatch_update
<LI><a href="#[f4]">&gt;&gt;</a>&nbsp;&nbsp;&nbsp;led_update
<LI><a href="#[f7]">&gt;&gt;</a>&nbsp;&nbsp;&nbsp;display_update
<LI><a href="#[f3]">&gt;&gt;</a>&nbsp;&nbsp;&nbsp;buzzer_update
<LI><a href="#[f2]">&gt;&gt;</a>&nbsp;&nbsp;&nbsp;buttons_update
<LI><a href="#[f6]">&gt;&gt;</a>&nbsp;&nbsp;&nbsp;alarm_update
<LI><a href="#[e4]">&gt;&gt;</a>&nbsp;&nbsp;&nbsp;__aeabi_memclr
</UL>
<BR>[Called By]<UL><LI><a href="#[da]">&gt;&gt;</a>&nbsp;&nbsp;&nbsp;main
</UL>

<P><STRONG><a name="[da]"></a>main</STRONG> (Thumb, 12 bytes, Stack size 0 bytes, main.o(.text))
<BR><BR>[Stack]<UL><LI>Max Depth = 176 + Unknown Stack Size
<LI>Call Chain = main &rArr; c_loop &rArr; display_update &rArr; __2sprintf &rArr; _printf_char_common &rArr; __printf
</UL>
<BR>[Calls]<UL><LI><a href="#[f0]">&gt;&gt;</a>&nbsp;&nbsp;&nbsp;c_loop
<LI><a href="#[e0]">&gt;&gt;</a>&nbsp;&nbsp;&nbsp;c_setup
</UL>
<BR>[Called By]<UL><LI><a href="#[d9]">&gt;&gt;</a>&nbsp;&nbsp;&nbsp;__rt_entry_main
</UL>

<P><STRONG><a name="[8]"></a>NMI_Handler</STRONG> (Thumb, 2 bytes, Stack size 0 bytes, stm32f4xx_it.o(.text))
<BR>[Address Reference Count : 1]<UL><LI> startup_stm32f40_41xxx.o(RESET)
</UL>
<P><STRONG><a name="[9]"></a>HardFault_Handler</STRONG> (Thumb, 4 bytes, Stack size 0 bytes, stm32f4xx_it.o(.text))
<BR>[Address Reference Count : 1]<UL><LI> startup_stm32f40_41xxx.o(RESET)
</UL>
<P><STRONG><a name="[a]"></a>MemManage_Handler</STRONG> (Thumb, 4 bytes, Stack size 0 bytes, stm32f4xx_it.o(.text))
<BR>[Address Reference Count : 1]<UL><LI> startup_stm32f40_41xxx.o(RESET)
</UL>
<P><STRONG><a name="[b]"></a>BusFault_Handler</STRONG> (Thumb, 4 bytes, Stack size 0 bytes, stm32f4xx_it.o(.text))
<BR>[Address Reference Count : 1]<UL><LI> startup_stm32f40_41xxx.o(RESET)
</UL>
<P><STRONG><a name="[c]"></a>UsageFault_Handler</STRONG> (Thumb, 4 bytes, Stack size 0 bytes, stm32f4xx_it.o(.text))
<BR>[Address Reference Count : 1]<UL><LI> startup_stm32f40_41xxx.o(RESET)
</UL>
<P><STRONG><a name="[d]"></a>SVC_Handler</STRONG> (Thumb, 2 bytes, Stack size 0 bytes, stm32f4xx_it.o(.text))
<BR>[Address Reference Count : 1]<UL><LI> startup_stm32f40_41xxx.o(RESET)
</UL>
<P><STRONG><a name="[e]"></a>DebugMon_Handler</STRONG> (Thumb, 2 bytes, Stack size 0 bytes, stm32f4xx_it.o(.text))
<BR>[Address Reference Count : 1]<UL><LI> startup_stm32f40_41xxx.o(RESET)
</UL>
<P><STRONG><a name="[f]"></a>PendSV_Handler</STRONG> (Thumb, 2 bytes, Stack size 0 bytes, stm32f4xx_it.o(.text))
<BR>[Address Reference Count : 1]<UL><LI> startup_stm32f40_41xxx.o(RESET)
</UL>
<P><STRONG><a name="[bf]"></a>SystemInit</STRONG> (Thumb, 88 bytes, Stack size 8 bytes, system_stm32f4xx.o(.text))
<BR><BR>[Stack]<UL><LI>Max Depth = 20<LI>Call Chain = SystemInit &rArr; SetSysClock
</UL>
<BR>[Calls]<UL><LI><a href="#[f8]">&gt;&gt;</a>&nbsp;&nbsp;&nbsp;SetSysClock
</UL>
<BR>[Called By]<UL><LI><a href="#[e0]">&gt;&gt;</a>&nbsp;&nbsp;&nbsp;c_setup
</UL>
<BR>[Address Reference Count : 1]<UL><LI> startup_stm32f40_41xxx.o(.text)
</UL>
<P><STRONG><a name="[277]"></a>SystemCoreClockUpdate</STRONG> (Thumb, 174 bytes, Stack size 16 bytes, system_stm32f4xx.o(.text), UNUSED)

<P><STRONG><a name="[278]"></a>animation_init</STRONG> (Thumb, 10 bytes, Stack size 0 bytes, animation.o(.text), UNUSED)

<P><STRONG><a name="[fc]"></a>animation_update</STRONG> (Thumb, 146 bytes, Stack size 8 bytes, animation.o(.text))
<BR><BR>[Stack]<UL><LI>Max Depth = 8<LI>Call Chain = animation_update
</UL>
<BR>[Called By]<UL><LI><a href="#[f7]">&gt;&gt;</a>&nbsp;&nbsp;&nbsp;display_update
</UL>

<P><STRONG><a name="[10c]"></a>animation_start</STRONG> (Thumb, 36 bytes, Stack size 16 bytes, animation.o(.text))
<BR><BR>[Stack]<UL><LI>Max Depth = 16<LI>Call Chain = animation_start
</UL>
<BR>[Called By]<UL><LI><a href="#[11b]">&gt;&gt;</a>&nbsp;&nbsp;&nbsp;beginAnimation2
<LI><a href="#[10b]">&gt;&gt;</a>&nbsp;&nbsp;&nbsp;beginAnimation
<LI><a href="#[63]">&gt;&gt;</a>&nbsp;&nbsp;&nbsp;watchface_normal
<LI><a href="#[b3]">&gt;&gt;</a>&nbsp;&nbsp;&nbsp;select
<LI><a href="#[94]">&gt;&gt;</a>&nbsp;&nbsp;&nbsp;btnExit
<LI><a href="#[91]">&gt;&gt;</a>&nbsp;&nbsp;&nbsp;btnExit
<LI><a href="#[8d]">&gt;&gt;</a>&nbsp;&nbsp;&nbsp;btnExit
<LI><a href="#[89]">&gt;&gt;</a>&nbsp;&nbsp;&nbsp;btnExit
</UL>

<P><STRONG><a name="[fd]"></a>animation_active</STRONG> (Thumb, 6 bytes, Stack size 0 bytes, animation.o(.text))
<BR><BR>[Called By]<UL><LI><a href="#[6d]">&gt;&gt;</a>&nbsp;&nbsp;&nbsp;menu_select
<LI><a href="#[103]">&gt;&gt;</a>&nbsp;&nbsp;&nbsp;doBtn
<LI><a href="#[f7]">&gt;&gt;</a>&nbsp;&nbsp;&nbsp;display_update
</UL>

<P><STRONG><a name="[101]"></a>animation_movingOn</STRONG> (Thumb, 14 bytes, Stack size 0 bytes, animation.o(.text))
<BR><BR>[Called By]<UL><LI><a href="#[6d]">&gt;&gt;</a>&nbsp;&nbsp;&nbsp;menu_select
<LI><a href="#[103]">&gt;&gt;</a>&nbsp;&nbsp;&nbsp;doBtn
</UL>

<P><STRONG><a name="[11f]"></a>animation_offsetY</STRONG> (Thumb, 6 bytes, Stack size 0 bytes, animation.o(.text))
<BR><BR>[Called By]<UL><LI><a href="#[108]">&gt;&gt;</a>&nbsp;&nbsp;&nbsp;draw_bitmap
</UL>

<P><STRONG><a name="[ee]"></a>display_set</STRONG> (Thumb, 6 bytes, Stack size 0 bytes, display.o(.text))
<BR><BR>[Called By]<UL><LI><a href="#[e0]">&gt;&gt;</a>&nbsp;&nbsp;&nbsp;c_setup
</UL>

<P><STRONG><a name="[87]"></a>display_load</STRONG> (Thumb, 16 bytes, Stack size 8 bytes, display.o(.text))
<BR><BR>[Stack]<UL><LI>Max Depth = 8<LI>Call Chain = display_load
</UL>
<BR>[Called By]<UL><LI><a href="#[6a]">&gt;&gt;</a>&nbsp;&nbsp;&nbsp;menu_close
<LI><a href="#[e0]">&gt;&gt;</a>&nbsp;&nbsp;&nbsp;c_setup
<LI><a href="#[9d]">&gt;&gt;</a>&nbsp;&nbsp;&nbsp;btnExit
</UL>
<BR>[Address Reference Count : 5]<UL><LI> stopwatch.o(.text)
<LI> game1.o(.text)
<LI> game2.o(.text)
<LI> game3.o(.text)
<LI> tunemaker.o(.text)
</UL>
<P><STRONG><a name="[131]"></a>display_setDrawFunc</STRONG> (Thumb, 10 bytes, Stack size 0 bytes, display.o(.text))
<BR><BR>[Called By]<UL><LI><a href="#[67]">&gt;&gt;</a>&nbsp;&nbsp;&nbsp;tunemakerOpen
<LI><a href="#[65]">&gt;&gt;</a>&nbsp;&nbsp;&nbsp;torch_open
<LI><a href="#[66]">&gt;&gt;</a>&nbsp;&nbsp;&nbsp;stopwatch_open
<LI><a href="#[73]">&gt;&gt;</a>&nbsp;&nbsp;&nbsp;mOpen
<LI><a href="#[63]">&gt;&gt;</a>&nbsp;&nbsp;&nbsp;watchface_normal
<LI><a href="#[f6]">&gt;&gt;</a>&nbsp;&nbsp;&nbsp;alarm_update
<LI><a href="#[99]">&gt;&gt;</a>&nbsp;&nbsp;&nbsp;game3_start
<LI><a href="#[98]">&gt;&gt;</a>&nbsp;&nbsp;&nbsp;game2_start
<LI><a href="#[97]">&gt;&gt;</a>&nbsp;&nbsp;&nbsp;game1_start
<LI><a href="#[80]">&gt;&gt;</a>&nbsp;&nbsp;&nbsp;stopAlarm
</UL>

<P><STRONG><a name="[f7]"></a>display_update</STRONG> (Thumb, 172 bytes, Stack size 32 bytes, display.o(.text))
<BR><BR>[Stack]<UL><LI>Max Depth = 168 + Unknown Stack Size
<LI>Call Chain = display_update &rArr; __2sprintf &rArr; _printf_char_common &rArr; __printf
</UL>
<BR>[Calls]<UL><LI><a href="#[fb]">&gt;&gt;</a>&nbsp;&nbsp;&nbsp;millis_get
<LI><a href="#[ff]">&gt;&gt;</a>&nbsp;&nbsp;&nbsp;draw_string
<LI><a href="#[100]">&gt;&gt;</a>&nbsp;&nbsp;&nbsp;draw_end
<LI><a href="#[f9]">&gt;&gt;</a>&nbsp;&nbsp;&nbsp;crt_animation
<LI><a href="#[fd]">&gt;&gt;</a>&nbsp;&nbsp;&nbsp;animation_active
<LI><a href="#[fc]">&gt;&gt;</a>&nbsp;&nbsp;&nbsp;animation_update
<LI><a href="#[fe]">&gt;&gt;</a>&nbsp;&nbsp;&nbsp;__2sprintf
</UL>
<BR>[Called By]<UL><LI><a href="#[f0]">&gt;&gt;</a>&nbsp;&nbsp;&nbsp;c_loop
</UL>

<P><STRONG><a name="[279]"></a>display_startCRTAnim</STRONG> (Thumb, 70 bytes, Stack size 0 bytes, display.o(.text), UNUSED)

<P><STRONG><a name="[6d]"></a>menu_select</STRONG> (Thumb, 48 bytes, Stack size 8 bytes, menu.o(.text))
<BR><BR>[Stack]<UL><LI>Max Depth = 40<LI>Call Chain = menu_select &rArr; mMainOpen &rArr; beginAnimation &rArr; animation_start
</UL>
<BR>[Calls]<UL><LI><a href="#[102]">&gt;&gt;</a>&nbsp;&nbsp;&nbsp;mMainOpen
<LI><a href="#[101]">&gt;&gt;</a>&nbsp;&nbsp;&nbsp;animation_movingOn
<LI><a href="#[fd]">&gt;&gt;</a>&nbsp;&nbsp;&nbsp;animation_active
</UL>
<BR>[Address Reference Count : 2]<UL><LI> m_main.o(.text)
<LI> normal.o(.text)
</UL>
<P><STRONG><a name="[6c]"></a>menu_down</STRONG> (Thumb, 14 bytes, Stack size 8 bytes, menu.o(.text))
<BR><BR>[Stack]<UL><LI>Max Depth = 16<LI>Call Chain = menu_down &rArr; doBtn
</UL>
<BR>[Calls]<UL><LI><a href="#[103]">&gt;&gt;</a>&nbsp;&nbsp;&nbsp;doBtn
</UL>
<BR>[Address Reference Count : 1]<UL><LI> m_main.o(.text)
</UL>
<P><STRONG><a name="[6e]"></a>menu_up</STRONG> (Thumb, 14 bytes, Stack size 8 bytes, menu.o(.text))
<BR><BR>[Stack]<UL><LI>Max Depth = 16<LI>Call Chain = menu_up &rArr; doBtn
</UL>
<BR>[Calls]<UL><LI><a href="#[103]">&gt;&gt;</a>&nbsp;&nbsp;&nbsp;doBtn
</UL>
<BR>[Address Reference Count : 1]<UL><LI> m_main.o(.text)
</UL>
<P><STRONG><a name="[6b]"></a>menu_draw</STRONG> (Thumb, 50 bytes, Stack size 8 bytes, menu.o(.text))
<BR><BR>[Stack]<UL><LI>Max Depth = 200 + Unknown Stack Size
<LI>Call Chain = menu_draw &rArr; menu_drawIcon &rArr; drawTitle &rArr; draw_string &rArr; draw_bitmap
</UL>
<BR>[Calls]<UL><LI><a href="#[10a]">&gt;&gt;</a>&nbsp;&nbsp;&nbsp;menu_drawStr
<LI><a href="#[107]">&gt;&gt;</a>&nbsp;&nbsp;&nbsp;menu_drawIcon
</UL>
<BR>[Address Reference Count : 1]<UL><LI> m_main.o(.text)
</UL>
<P><STRONG><a name="[10b]"></a>beginAnimation</STRONG> (Thumb, 14 bytes, Stack size 8 bytes, menu.o(.text))
<BR><BR>[Stack]<UL><LI>Max Depth = 24<LI>Call Chain = beginAnimation &rArr; animation_start
</UL>
<BR>[Calls]<UL><LI><a href="#[10c]">&gt;&gt;</a>&nbsp;&nbsp;&nbsp;animation_start
</UL>
<BR>[Called By]<UL><LI><a href="#[102]">&gt;&gt;</a>&nbsp;&nbsp;&nbsp;mMainOpen
<LI><a href="#[10d]">&gt;&gt;</a>&nbsp;&nbsp;&nbsp;setMenuOption
</UL>

<P><STRONG><a name="[10d]"></a>setMenuOption</STRONG> (Thumb, 288 bytes, Stack size 80 bytes, menu.o(.text))
<BR><BR>[Stack]<UL><LI>Max Depth = 264<LI>Call Chain = setMenuOption &rArr; __hardfp_sin &rArr; __ieee754_rem_pio2 &rArr; __aeabi_d2iz
</UL>
<BR>[Calls]<UL><LI><a href="#[108]">&gt;&gt;</a>&nbsp;&nbsp;&nbsp;draw_bitmap
<LI><a href="#[10b]">&gt;&gt;</a>&nbsp;&nbsp;&nbsp;beginAnimation
<LI><a href="#[ff]">&gt;&gt;</a>&nbsp;&nbsp;&nbsp;draw_string
<LI><a href="#[112]">&gt;&gt;</a>&nbsp;&nbsp;&nbsp;__hardfp_sin
<LI><a href="#[10e]">&gt;&gt;</a>&nbsp;&nbsp;&nbsp;__aeabi_f2d
<LI><a href="#[10f]">&gt;&gt;</a>&nbsp;&nbsp;&nbsp;__aeabi_dmul
<LI><a href="#[113]">&gt;&gt;</a>&nbsp;&nbsp;&nbsp;__aeabi_d2uiz
<LI><a href="#[110]">&gt;&gt;</a>&nbsp;&nbsp;&nbsp;__aeabi_dadd
<LI><a href="#[111]">&gt;&gt;</a>&nbsp;&nbsp;&nbsp;__aeabi_d2f
</UL>
<BR>[Called By]<UL><LI><a href="#[114]">&gt;&gt;</a>&nbsp;&nbsp;&nbsp;setMenuOption_P
<LI><a href="#[179]">&gt;&gt;</a>&nbsp;&nbsp;&nbsp;updateTemperature
<LI><a href="#[178]">&gt;&gt;</a>&nbsp;&nbsp;&nbsp;updateVoltage
<LI><a href="#[177]">&gt;&gt;</a>&nbsp;&nbsp;&nbsp;updateFPS
<LI><a href="#[169]">&gt;&gt;</a>&nbsp;&nbsp;&nbsp;showAlarmStr
<LI><a href="#[15c]">&gt;&gt;</a>&nbsp;&nbsp;&nbsp;showDateStr
<LI><a href="#[159]">&gt;&gt;</a>&nbsp;&nbsp;&nbsp;showTimeStr
</UL>

<P><STRONG><a name="[114]"></a>setMenuOption_P</STRONG> (Thumb, 48 bytes, Stack size 48 bytes, menu.o(.text))
<BR><BR>[Stack]<UL><LI>Max Depth = 312<LI>Call Chain = setMenuOption_P &rArr; setMenuOption &rArr; __hardfp_sin &rArr; __ieee754_rem_pio2 &rArr; __aeabi_d2iz
</UL>
<BR>[Calls]<UL><LI><a href="#[10d]">&gt;&gt;</a>&nbsp;&nbsp;&nbsp;setMenuOption
<LI><a href="#[106]">&gt;&gt;</a>&nbsp;&nbsp;&nbsp;strcpy
</UL>
<BR>[Called By]<UL><LI><a href="#[6f]">&gt;&gt;</a>&nbsp;&nbsp;&nbsp;itemLoader
<LI><a href="#[11a]">&gt;&gt;</a>&nbsp;&nbsp;&nbsp;addBackOption
<LI><a href="#[194]">&gt;&gt;</a>&nbsp;&nbsp;&nbsp;setMenuOptions
<LI><a href="#[180]">&gt;&gt;</a>&nbsp;&nbsp;&nbsp;setMenuOptions
<LI><a href="#[17b]">&gt;&gt;</a>&nbsp;&nbsp;&nbsp;setMenuOptions
<LI><a href="#[a8]">&gt;&gt;</a>&nbsp;&nbsp;&nbsp;itemLoader
<LI><a href="#[a1]">&gt;&gt;</a>&nbsp;&nbsp;&nbsp;itemLoader
<LI><a href="#[9a]">&gt;&gt;</a>&nbsp;&nbsp;&nbsp;itemLoader
<LI><a href="#[75]">&gt;&gt;</a>&nbsp;&nbsp;&nbsp;itemLoader
</UL>

<P><STRONG><a name="[27a]"></a>menu_isOpen</STRONG> (Thumb, 6 bytes, Stack size 0 bytes, menu.o(.text), UNUSED)

<P><STRONG><a name="[6a]"></a>menu_close</STRONG> (Thumb, 20 bytes, Stack size 8 bytes, menu.o(.text))
<BR><BR>[Stack]<UL><LI>Max Depth = 20<LI>Call Chain = menu_close &rArr; clear &rArr; __aeabi_memclr4
</UL>
<BR>[Calls]<UL><LI><a href="#[115]">&gt;&gt;</a>&nbsp;&nbsp;&nbsp;clear
<LI><a href="#[87]">&gt;&gt;</a>&nbsp;&nbsp;&nbsp;display_load
</UL>
<BR>[Called By]<UL><LI><a href="#[67]">&gt;&gt;</a>&nbsp;&nbsp;&nbsp;tunemakerOpen
<LI><a href="#[65]">&gt;&gt;</a>&nbsp;&nbsp;&nbsp;torch_open
<LI><a href="#[66]">&gt;&gt;</a>&nbsp;&nbsp;&nbsp;stopwatch_open
<LI><a href="#[99]">&gt;&gt;</a>&nbsp;&nbsp;&nbsp;game3_start
<LI><a href="#[98]">&gt;&gt;</a>&nbsp;&nbsp;&nbsp;game2_start
<LI><a href="#[97]">&gt;&gt;</a>&nbsp;&nbsp;&nbsp;game1_start
</UL>
<BR>[Address Reference Count : 1]<UL><LI> m_main.o(.text)
</UL>
<P><STRONG><a name="[134]"></a>setPrevMenuOpen</STRONG> (Thumb, 86 bytes, Stack size 0 bytes, menu.o(.text))
<BR><BR>[Called By]<UL><LI><a href="#[69]">&gt;&gt;</a>&nbsp;&nbsp;&nbsp;mSettingsOpen
<LI><a href="#[68]">&gt;&gt;</a>&nbsp;&nbsp;&nbsp;mGamesOpen
<LI><a href="#[64]">&gt;&gt;</a>&nbsp;&nbsp;&nbsp;mAlarmsOpen
<LI><a href="#[73]">&gt;&gt;</a>&nbsp;&nbsp;&nbsp;mOpen
<LI><a href="#[a5]">&gt;&gt;</a>&nbsp;&nbsp;&nbsp;mSoundOpen
<LI><a href="#[a4]">&gt;&gt;</a>&nbsp;&nbsp;&nbsp;mSleepOpen
<LI><a href="#[a6]">&gt;&gt;</a>&nbsp;&nbsp;&nbsp;mDisplayOpen
<LI><a href="#[a7]">&gt;&gt;</a>&nbsp;&nbsp;&nbsp;mDiagOpen
<LI><a href="#[a3]">&gt;&gt;</a>&nbsp;&nbsp;&nbsp;mTimeDateOpen
</UL>

<P><STRONG><a name="[118]"></a>exitSelected</STRONG> (Thumb, 20 bytes, Stack size 0 bytes, menu.o(.text))
<BR><BR>[Called By]<UL><LI><a href="#[117]">&gt;&gt;</a>&nbsp;&nbsp;&nbsp;setPrevMenuExit
<LI><a href="#[bd]">&gt;&gt;</a>&nbsp;&nbsp;&nbsp;mSelect
<LI><a href="#[ba]">&gt;&gt;</a>&nbsp;&nbsp;&nbsp;mSelect
<LI><a href="#[b0]">&gt;&gt;</a>&nbsp;&nbsp;&nbsp;mSelect
<LI><a href="#[a2]">&gt;&gt;</a>&nbsp;&nbsp;&nbsp;mSelect
<LI><a href="#[83]">&gt;&gt;</a>&nbsp;&nbsp;&nbsp;mSelect
<LI><a href="#[77]">&gt;&gt;</a>&nbsp;&nbsp;&nbsp;mSelect
</UL>

<P><STRONG><a name="[117]"></a>setPrevMenuExit</STRONG> (Thumb, 30 bytes, Stack size 4 bytes, menu.o(.text))
<BR><BR>[Stack]<UL><LI>Max Depth = 4<LI>Call Chain = setPrevMenuExit
</UL>
<BR>[Calls]<UL><LI><a href="#[118]">&gt;&gt;</a>&nbsp;&nbsp;&nbsp;exitSelected
</UL>
<BR>[Called By]<UL><LI><a href="#[71]">&gt;&gt;</a>&nbsp;&nbsp;&nbsp;mSelect
<LI><a href="#[bd]">&gt;&gt;</a>&nbsp;&nbsp;&nbsp;mSelect
<LI><a href="#[ba]">&gt;&gt;</a>&nbsp;&nbsp;&nbsp;mSelect
<LI><a href="#[b0]">&gt;&gt;</a>&nbsp;&nbsp;&nbsp;mSelect
<LI><a href="#[a9]">&gt;&gt;</a>&nbsp;&nbsp;&nbsp;mSelect
<LI><a href="#[a2]">&gt;&gt;</a>&nbsp;&nbsp;&nbsp;mSelect
<LI><a href="#[9b]">&gt;&gt;</a>&nbsp;&nbsp;&nbsp;mSelect
<LI><a href="#[83]">&gt;&gt;</a>&nbsp;&nbsp;&nbsp;mSelect
<LI><a href="#[77]">&gt;&gt;</a>&nbsp;&nbsp;&nbsp;mSelect
</UL>

<P><STRONG><a name="[119]"></a>back</STRONG> (Thumb, 26 bytes, Stack size 8 bytes, menu.o(.text))
<BR><BR>[Stack]<UL><LI>Max Depth = 40<LI>Call Chain = back &rArr; mMainOpen &rArr; beginAnimation &rArr; animation_start
</UL>
<BR>[Calls]<UL><LI><a href="#[102]">&gt;&gt;</a>&nbsp;&nbsp;&nbsp;mMainOpen
</UL>
<BR>[Address Reference Count : 1]<UL><LI> menu.o(.text)
</UL>
<P><STRONG><a name="[11a]"></a>addBackOption</STRONG> (Thumb, 24 bytes, Stack size 8 bytes, menu.o(.text))
<BR><BR>[Stack]<UL><LI>Max Depth = 320<LI>Call Chain = addBackOption &rArr; setMenuOption_P &rArr; setMenuOption &rArr; __hardfp_sin &rArr; __ieee754_rem_pio2 &rArr; __aeabi_d2iz
</UL>
<BR>[Calls]<UL><LI><a href="#[114]">&gt;&gt;</a>&nbsp;&nbsp;&nbsp;setMenuOption_P
</UL>
<BR>[Called By]<UL><LI><a href="#[bc]">&gt;&gt;</a>&nbsp;&nbsp;&nbsp;itemLoader
<LI><a href="#[b9]">&gt;&gt;</a>&nbsp;&nbsp;&nbsp;itemLoader
<LI><a href="#[af]">&gt;&gt;</a>&nbsp;&nbsp;&nbsp;itemLoader
<LI><a href="#[a8]">&gt;&gt;</a>&nbsp;&nbsp;&nbsp;itemLoader
<LI><a href="#[a1]">&gt;&gt;</a>&nbsp;&nbsp;&nbsp;itemLoader
<LI><a href="#[9a]">&gt;&gt;</a>&nbsp;&nbsp;&nbsp;itemLoader
<LI><a href="#[81]">&gt;&gt;</a>&nbsp;&nbsp;&nbsp;itemLoader
<LI><a href="#[75]">&gt;&gt;</a>&nbsp;&nbsp;&nbsp;itemLoader
</UL>

<P><STRONG><a name="[11b]"></a>beginAnimation2</STRONG> (Thumb, 14 bytes, Stack size 8 bytes, menu.o(.text))
<BR><BR>[Stack]<UL><LI>Max Depth = 24<LI>Call Chain = beginAnimation2 &rArr; animation_start
</UL>
<BR>[Calls]<UL><LI><a href="#[10c]">&gt;&gt;</a>&nbsp;&nbsp;&nbsp;animation_start
</UL>
<BR>[Called By]<UL><LI><a href="#[69]">&gt;&gt;</a>&nbsp;&nbsp;&nbsp;mSettingsOpen
<LI><a href="#[68]">&gt;&gt;</a>&nbsp;&nbsp;&nbsp;mGamesOpen
<LI><a href="#[64]">&gt;&gt;</a>&nbsp;&nbsp;&nbsp;mAlarmsOpen
<LI><a href="#[73]">&gt;&gt;</a>&nbsp;&nbsp;&nbsp;mOpen
<LI><a href="#[a5]">&gt;&gt;</a>&nbsp;&nbsp;&nbsp;mSoundOpen
<LI><a href="#[a4]">&gt;&gt;</a>&nbsp;&nbsp;&nbsp;mSleepOpen
<LI><a href="#[a6]">&gt;&gt;</a>&nbsp;&nbsp;&nbsp;mDisplayOpen
<LI><a href="#[a7]">&gt;&gt;</a>&nbsp;&nbsp;&nbsp;mDiagOpen
<LI><a href="#[a3]">&gt;&gt;</a>&nbsp;&nbsp;&nbsp;mTimeDateOpen
</UL>

<P><STRONG><a name="[11c]"></a>setMenuInfo</STRONG> (Thumb, 32 bytes, Stack size 16 bytes, menu.o(.text))
<BR><BR>[Stack]<UL><LI>Max Depth = 28<LI>Call Chain = setMenuInfo &rArr; clear &rArr; __aeabi_memclr4
</UL>
<BR>[Calls]<UL><LI><a href="#[115]">&gt;&gt;</a>&nbsp;&nbsp;&nbsp;clear
</UL>
<BR>[Called By]<UL><LI><a href="#[69]">&gt;&gt;</a>&nbsp;&nbsp;&nbsp;mSettingsOpen
<LI><a href="#[68]">&gt;&gt;</a>&nbsp;&nbsp;&nbsp;mGamesOpen
<LI><a href="#[64]">&gt;&gt;</a>&nbsp;&nbsp;&nbsp;mAlarmsOpen
<LI><a href="#[73]">&gt;&gt;</a>&nbsp;&nbsp;&nbsp;mOpen
<LI><a href="#[a5]">&gt;&gt;</a>&nbsp;&nbsp;&nbsp;mSoundOpen
<LI><a href="#[a4]">&gt;&gt;</a>&nbsp;&nbsp;&nbsp;mSleepOpen
<LI><a href="#[a6]">&gt;&gt;</a>&nbsp;&nbsp;&nbsp;mDisplayOpen
<LI><a href="#[a7]">&gt;&gt;</a>&nbsp;&nbsp;&nbsp;mDiagOpen
<LI><a href="#[a3]">&gt;&gt;</a>&nbsp;&nbsp;&nbsp;mTimeDateOpen
</UL>

<P><STRONG><a name="[133]"></a>setMenuFuncs</STRONG> (Thumb, 14 bytes, Stack size 8 bytes, menu.o(.text))
<BR><BR>[Stack]<UL><LI>Max Depth = 8<LI>Call Chain = setMenuFuncs
</UL>
<BR>[Called By]<UL><LI><a href="#[69]">&gt;&gt;</a>&nbsp;&nbsp;&nbsp;mSettingsOpen
<LI><a href="#[68]">&gt;&gt;</a>&nbsp;&nbsp;&nbsp;mGamesOpen
<LI><a href="#[64]">&gt;&gt;</a>&nbsp;&nbsp;&nbsp;mAlarmsOpen
<LI><a href="#[73]">&gt;&gt;</a>&nbsp;&nbsp;&nbsp;mOpen
<LI><a href="#[a5]">&gt;&gt;</a>&nbsp;&nbsp;&nbsp;mSoundOpen
<LI><a href="#[a4]">&gt;&gt;</a>&nbsp;&nbsp;&nbsp;mSleepOpen
<LI><a href="#[a6]">&gt;&gt;</a>&nbsp;&nbsp;&nbsp;mDisplayOpen
<LI><a href="#[a7]">&gt;&gt;</a>&nbsp;&nbsp;&nbsp;mDiagOpen
<LI><a href="#[86]">&gt;&gt;</a>&nbsp;&nbsp;&nbsp;selectAlarm
<LI><a href="#[a3]">&gt;&gt;</a>&nbsp;&nbsp;&nbsp;mTimeDateOpen
<LI><a href="#[157]">&gt;&gt;</a>&nbsp;&nbsp;&nbsp;beginSelect
<LI><a href="#[155]">&gt;&gt;</a>&nbsp;&nbsp;&nbsp;endSelect
</UL>

<P><STRONG><a name="[72]"></a>nextOption</STRONG> (Thumb, 34 bytes, Stack size 8 bytes, menu.o(.text))
<BR><BR>[Stack]<UL><LI>Max Depth = 8<LI>Call Chain = nextOption
</UL>
<BR>[Calls]<UL><LI><a href="#[11d]">&gt;&gt;</a>&nbsp;&nbsp;&nbsp;checkScroll
</UL>
<BR>[Called By]<UL><LI><a href="#[78]">&gt;&gt;</a>&nbsp;&nbsp;&nbsp;mDown
</UL>
<BR>[Address Reference Count : 8]<UL><LI> m_main.o(.text)
<LI> alarms.o(.text)
<LI> diag.o(.text)
<LI> games.o(.text)
<LI> settings.o(.text)
<LI> m_display.o(.text)
<LI> sound.o(.text)
<LI> sleep.o(.text)
</UL>
<P><STRONG><a name="[70]"></a>prevOption</STRONG> (Thumb, 38 bytes, Stack size 8 bytes, menu.o(.text))
<BR><BR>[Stack]<UL><LI>Max Depth = 8<LI>Call Chain = prevOption
</UL>
<BR>[Calls]<UL><LI><a href="#[11d]">&gt;&gt;</a>&nbsp;&nbsp;&nbsp;checkScroll
</UL>
<BR>[Called By]<UL><LI><a href="#[76]">&gt;&gt;</a>&nbsp;&nbsp;&nbsp;mUp
</UL>
<BR>[Address Reference Count : 8]<UL><LI> m_main.o(.text)
<LI> alarms.o(.text)
<LI> diag.o(.text)
<LI> games.o(.text)
<LI> settings.o(.text)
<LI> m_display.o(.text)
<LI> sound.o(.text)
<LI> sleep.o(.text)
</UL>
<P><STRONG><a name="[11e]"></a>doAction</STRONG> (Thumb, 18 bytes, Stack size 8 bytes, menu.o(.text))
<BR><BR>[Stack]<UL><LI>Max Depth = 24<LI>Call Chain = doAction &rArr; loader
</UL>
<BR>[Calls]<UL><LI><a href="#[109]">&gt;&gt;</a>&nbsp;&nbsp;&nbsp;loader
</UL>
<BR>[Called By]<UL><LI><a href="#[71]">&gt;&gt;</a>&nbsp;&nbsp;&nbsp;mSelect
<LI><a href="#[bd]">&gt;&gt;</a>&nbsp;&nbsp;&nbsp;mSelect
<LI><a href="#[ba]">&gt;&gt;</a>&nbsp;&nbsp;&nbsp;mSelect
<LI><a href="#[b0]">&gt;&gt;</a>&nbsp;&nbsp;&nbsp;mSelect
<LI><a href="#[a9]">&gt;&gt;</a>&nbsp;&nbsp;&nbsp;mSelect
<LI><a href="#[a2]">&gt;&gt;</a>&nbsp;&nbsp;&nbsp;mSelect
<LI><a href="#[9b]">&gt;&gt;</a>&nbsp;&nbsp;&nbsp;mSelect
<LI><a href="#[83]">&gt;&gt;</a>&nbsp;&nbsp;&nbsp;mSelect
<LI><a href="#[77]">&gt;&gt;</a>&nbsp;&nbsp;&nbsp;mSelect
</UL>

<P><STRONG><a name="[e7]"></a>global_init</STRONG> (Thumb, 2 bytes, Stack size 0 bytes, global.o(.text))
<BR><BR>[Called By]<UL><LI><a href="#[e0]">&gt;&gt;</a>&nbsp;&nbsp;&nbsp;c_setup
</UL>

<P><STRONG><a name="[27b]"></a>global_update</STRONG> (Thumb, 2 bytes, Stack size 0 bytes, global.o(.text), UNUSED)

<P><STRONG><a name="[142]"></a>div10</STRONG> (Thumb, 12 bytes, Stack size 0 bytes, global.o(.text))
<BR><BR>[Called By]<UL><LI><a href="#[88]">&gt;&gt;</a>&nbsp;&nbsp;&nbsp;draw
<LI><a href="#[141]">&gt;&gt;</a>&nbsp;&nbsp;&nbsp;ticker
</UL>

<P><STRONG><a name="[143]"></a>mod10</STRONG> (Thumb, 16 bytes, Stack size 0 bytes, global.o(.text))
<BR><BR>[Called By]<UL><LI><a href="#[88]">&gt;&gt;</a>&nbsp;&nbsp;&nbsp;draw
<LI><a href="#[141]">&gt;&gt;</a>&nbsp;&nbsp;&nbsp;ticker
</UL>

<P><STRONG><a name="[108]"></a>draw_bitmap</STRONG> (Thumb, 420 bytes, Stack size 80 bytes, draw.o(.text))
<BR><BR>[Stack]<UL><LI>Max Depth = 80<LI>Call Chain = draw_bitmap
</UL>
<BR>[Calls]<UL><LI><a href="#[120]">&gt;&gt;</a>&nbsp;&nbsp;&nbsp;readPixels
<LI><a href="#[11f]">&gt;&gt;</a>&nbsp;&nbsp;&nbsp;animation_offsetY
</UL>
<BR>[Called By]<UL><LI><a href="#[10d]">&gt;&gt;</a>&nbsp;&nbsp;&nbsp;setMenuOption
<LI><a href="#[107]">&gt;&gt;</a>&nbsp;&nbsp;&nbsp;menu_drawIcon
<LI><a href="#[ff]">&gt;&gt;</a>&nbsp;&nbsp;&nbsp;draw_string
<LI><a href="#[b1]">&gt;&gt;</a>&nbsp;&nbsp;&nbsp;draw
<LI><a href="#[173]">&gt;&gt;</a>&nbsp;&nbsp;&nbsp;draw_bitmap_s2
<LI><a href="#[93]">&gt;&gt;</a>&nbsp;&nbsp;&nbsp;draw
<LI><a href="#[174]">&gt;&gt;</a>&nbsp;&nbsp;&nbsp;judgeOverlap
<LI><a href="#[8f]">&gt;&gt;</a>&nbsp;&nbsp;&nbsp;draw
<LI><a href="#[16c]">&gt;&gt;</a>&nbsp;&nbsp;&nbsp;game1_draw
<LI><a href="#[88]">&gt;&gt;</a>&nbsp;&nbsp;&nbsp;draw
<LI><a href="#[7f]">&gt;&gt;</a>&nbsp;&nbsp;&nbsp;draw
<LI><a href="#[145]">&gt;&gt;</a>&nbsp;&nbsp;&nbsp;drawBattery
<LI><a href="#[74]">&gt;&gt;</a>&nbsp;&nbsp;&nbsp;draw
<LI><a href="#[141]">&gt;&gt;</a>&nbsp;&nbsp;&nbsp;ticker
<LI><a href="#[140]">&gt;&gt;</a>&nbsp;&nbsp;&nbsp;drawTickerNum
</UL>

<P><STRONG><a name="[ff]"></a>draw_string</STRONG> (Thumb, 122 bytes, Stack size 48 bytes, draw.o(.text))
<BR><BR>[Stack]<UL><LI>Max Depth = 128<LI>Call Chain = draw_string &rArr; draw_bitmap
</UL>
<BR>[Calls]<UL><LI><a href="#[121]">&gt;&gt;</a>&nbsp;&nbsp;&nbsp;setBuffByte
<LI><a href="#[108]">&gt;&gt;</a>&nbsp;&nbsp;&nbsp;draw_bitmap
</UL>
<BR>[Called By]<UL><LI><a href="#[122]">&gt;&gt;</a>&nbsp;&nbsp;&nbsp;draw_string_P
<LI><a href="#[10d]">&gt;&gt;</a>&nbsp;&nbsp;&nbsp;setMenuOption
<LI><a href="#[10a]">&gt;&gt;</a>&nbsp;&nbsp;&nbsp;menu_drawStr
<LI><a href="#[104]">&gt;&gt;</a>&nbsp;&nbsp;&nbsp;drawTitle
<LI><a href="#[f7]">&gt;&gt;</a>&nbsp;&nbsp;&nbsp;display_update
<LI><a href="#[be]">&gt;&gt;</a>&nbsp;&nbsp;&nbsp;mDraw
<LI><a href="#[93]">&gt;&gt;</a>&nbsp;&nbsp;&nbsp;draw
<LI><a href="#[8f]">&gt;&gt;</a>&nbsp;&nbsp;&nbsp;draw
<LI><a href="#[16c]">&gt;&gt;</a>&nbsp;&nbsp;&nbsp;game1_draw
<LI><a href="#[88]">&gt;&gt;</a>&nbsp;&nbsp;&nbsp;draw
<LI><a href="#[85]">&gt;&gt;</a>&nbsp;&nbsp;&nbsp;alarmsDraw
<LI><a href="#[7f]">&gt;&gt;</a>&nbsp;&nbsp;&nbsp;draw
<LI><a href="#[7b]">&gt;&gt;</a>&nbsp;&nbsp;&nbsp;timeDateDraw
<LI><a href="#[144]">&gt;&gt;</a>&nbsp;&nbsp;&nbsp;drawDate
<LI><a href="#[141]">&gt;&gt;</a>&nbsp;&nbsp;&nbsp;ticker
</UL>

<P><STRONG><a name="[122]"></a>draw_string_P</STRONG> (Thumb, 64 bytes, Stack size 32 bytes, draw.o(.text))
<BR><BR>[Stack]<UL><LI>Max Depth = 160<LI>Call Chain = draw_string_P &rArr; draw_string &rArr; draw_bitmap
</UL>
<BR>[Calls]<UL><LI><a href="#[ff]">&gt;&gt;</a>&nbsp;&nbsp;&nbsp;draw_string
<LI><a href="#[105]">&gt;&gt;</a>&nbsp;&nbsp;&nbsp;strlen
<LI><a href="#[106]">&gt;&gt;</a>&nbsp;&nbsp;&nbsp;strcpy
<LI><a href="#[124]">&gt;&gt;</a>&nbsp;&nbsp;&nbsp;free
<LI><a href="#[123]">&gt;&gt;</a>&nbsp;&nbsp;&nbsp;malloc
</UL>
<BR>[Called By]<UL><LI><a href="#[b1]">&gt;&gt;</a>&nbsp;&nbsp;&nbsp;draw
<LI><a href="#[93]">&gt;&gt;</a>&nbsp;&nbsp;&nbsp;draw
<LI><a href="#[8f]">&gt;&gt;</a>&nbsp;&nbsp;&nbsp;draw
<LI><a href="#[16c]">&gt;&gt;</a>&nbsp;&nbsp;&nbsp;game1_draw
</UL>

<P><STRONG><a name="[125]"></a>draw_clearArea</STRONG> (Thumb, 40 bytes, Stack size 24 bytes, draw.o(.text))
<BR><BR>[Stack]<UL><LI>Max Depth = 24<LI>Call Chain = draw_clearArea
</UL>
<BR>[Calls]<UL><LI><a href="#[e4]">&gt;&gt;</a>&nbsp;&nbsp;&nbsp;__aeabi_memclr
</UL>
<BR>[Called By]<UL><LI><a href="#[85]">&gt;&gt;</a>&nbsp;&nbsp;&nbsp;alarmsDraw
<LI><a href="#[7b]">&gt;&gt;</a>&nbsp;&nbsp;&nbsp;timeDateDraw
</UL>

<P><STRONG><a name="[100]"></a>draw_end</STRONG> (Thumb, 8 bytes, Stack size 8 bytes, draw.o(.text))
<BR><BR>[Stack]<UL><LI>Max Depth = 104<LI>Call Chain = draw_end &rArr; oled_flush &rArr; LCD_Fast_DrawPoint &rArr; __aeabi_dmul
</UL>
<BR>[Calls]<UL><LI><a href="#[126]">&gt;&gt;</a>&nbsp;&nbsp;&nbsp;oled_flush
</UL>
<BR>[Called By]<UL><LI><a href="#[f7]">&gt;&gt;</a>&nbsp;&nbsp;&nbsp;display_update
</UL>

<P><STRONG><a name="[eb]"></a>millis_init</STRONG> (Thumb, 114 bytes, Stack size 24 bytes, millis.o(.text))
<BR><BR>[Stack]<UL><LI>Max Depth = 40<LI>Call Chain = millis_init &rArr; NVIC_Init
</UL>
<BR>[Calls]<UL><LI><a href="#[12a]">&gt;&gt;</a>&nbsp;&nbsp;&nbsp;TIM_TimeBaseInit
<LI><a href="#[12c]">&gt;&gt;</a>&nbsp;&nbsp;&nbsp;TIM_ITConfig
<LI><a href="#[129]">&gt;&gt;</a>&nbsp;&nbsp;&nbsp;TIM_DeInit
<LI><a href="#[12d]">&gt;&gt;</a>&nbsp;&nbsp;&nbsp;TIM_Cmd
<LI><a href="#[12b]">&gt;&gt;</a>&nbsp;&nbsp;&nbsp;TIM_ClearFlag
<LI><a href="#[128]">&gt;&gt;</a>&nbsp;&nbsp;&nbsp;RCC_APB1PeriphClockCmd
<LI><a href="#[127]">&gt;&gt;</a>&nbsp;&nbsp;&nbsp;NVIC_Init
<LI><a href="#[e1]">&gt;&gt;</a>&nbsp;&nbsp;&nbsp;NVIC_PriorityGroupConfig
</UL>
<BR>[Called By]<UL><LI><a href="#[e0]">&gt;&gt;</a>&nbsp;&nbsp;&nbsp;c_setup
</UL>

<P><STRONG><a name="[fb]"></a>millis_get</STRONG> (Thumb, 6 bytes, Stack size 0 bytes, millis.o(.text))
<BR><BR>[Called By]<UL><LI><a href="#[138]">&gt;&gt;</a>&nbsp;&nbsp;&nbsp;processButton
<LI><a href="#[f5]">&gt;&gt;</a>&nbsp;&nbsp;&nbsp;stopwatch_update
<LI><a href="#[f7]">&gt;&gt;</a>&nbsp;&nbsp;&nbsp;display_update
<LI><a href="#[f3]">&gt;&gt;</a>&nbsp;&nbsp;&nbsp;buzzer_update
<LI><a href="#[f2]">&gt;&gt;</a>&nbsp;&nbsp;&nbsp;buttons_update
<LI><a href="#[9c]">&gt;&gt;</a>&nbsp;&nbsp;&nbsp;draw
<LI><a href="#[99]">&gt;&gt;</a>&nbsp;&nbsp;&nbsp;game3_start
<LI><a href="#[98]">&gt;&gt;</a>&nbsp;&nbsp;&nbsp;game2_start
<LI><a href="#[8f]">&gt;&gt;</a>&nbsp;&nbsp;&nbsp;draw
<LI><a href="#[16e]">&gt;&gt;</a>&nbsp;&nbsp;&nbsp;buzzer_buzz
<LI><a href="#[97]">&gt;&gt;</a>&nbsp;&nbsp;&nbsp;game1_start
<LI><a href="#[8b]">&gt;&gt;</a>&nbsp;&nbsp;&nbsp;btnReset
<LI><a href="#[8a]">&gt;&gt;</a>&nbsp;&nbsp;&nbsp;btnStartStop
<LI><a href="#[7f]">&gt;&gt;</a>&nbsp;&nbsp;&nbsp;draw
<LI><a href="#[13f]">&gt;&gt;</a>&nbsp;&nbsp;&nbsp;buttons_wake
<LI><a href="#[13e]">&gt;&gt;</a>&nbsp;&nbsp;&nbsp;buttons_isActive
<LI><a href="#[197]">&gt;&gt;</a>&nbsp;&nbsp;&nbsp;_update
<LI><a href="#[196]">&gt;&gt;</a>&nbsp;&nbsp;&nbsp;flash
</UL>

<P><STRONG><a name="[2d]"></a>TIM2_IRQHandler</STRONG> (Thumb, 40 bytes, Stack size 8 bytes, millis.o(.text))
<BR><BR>[Stack]<UL><LI>Max Depth = 20<LI>Call Chain = TIM2_IRQHandler &rArr; TIM_GetITStatus
</UL>
<BR>[Calls]<UL><LI><a href="#[12e]">&gt;&gt;</a>&nbsp;&nbsp;&nbsp;TIM_GetITStatus
<LI><a href="#[12f]">&gt;&gt;</a>&nbsp;&nbsp;&nbsp;TIM_ClearITPendingBit
</UL>
<BR>[Address Reference Count : 1]<UL><LI> startup_stm32f40_41xxx.o(RESET)
</UL>
<P><STRONG><a name="[102]"></a>mMainOpen</STRONG> (Thumb, 20 bytes, Stack size 8 bytes, m_main.o(.text))
<BR><BR>[Stack]<UL><LI>Max Depth = 32<LI>Call Chain = mMainOpen &rArr; beginAnimation &rArr; animation_start
</UL>
<BR>[Calls]<UL><LI><a href="#[132]">&gt;&gt;</a>&nbsp;&nbsp;&nbsp;buttons_setFuncs
<LI><a href="#[10b]">&gt;&gt;</a>&nbsp;&nbsp;&nbsp;beginAnimation
</UL>
<BR>[Called By]<UL><LI><a href="#[119]">&gt;&gt;</a>&nbsp;&nbsp;&nbsp;back
<LI><a href="#[6d]">&gt;&gt;</a>&nbsp;&nbsp;&nbsp;menu_select
</UL>

<P><STRONG><a name="[135]"></a>buttons_startup</STRONG> (Thumb, 60 bytes, Stack size 16 bytes, buttons.o(.text))
<BR><BR>[Stack]<UL><LI>Max Depth = 36<LI>Call Chain = buttons_startup &rArr; GPIO_Init
</UL>
<BR>[Calls]<UL><LI><a href="#[136]">&gt;&gt;</a>&nbsp;&nbsp;&nbsp;RCC_AHB1PeriphClockCmd
<LI><a href="#[137]">&gt;&gt;</a>&nbsp;&nbsp;&nbsp;GPIO_Init
</UL>
<BR>[Called By]<UL><LI><a href="#[ea]">&gt;&gt;</a>&nbsp;&nbsp;&nbsp;buttons_init
</UL>

<P><STRONG><a name="[ea]"></a>buttons_init</STRONG> (Thumb, 24 bytes, Stack size 8 bytes, buttons.o(.text))
<BR><BR>[Stack]<UL><LI>Max Depth = 44<LI>Call Chain = buttons_init &rArr; buttons_startup &rArr; GPIO_Init
</UL>
<BR>[Calls]<UL><LI><a href="#[135]">&gt;&gt;</a>&nbsp;&nbsp;&nbsp;buttons_startup
</UL>
<BR>[Called By]<UL><LI><a href="#[e0]">&gt;&gt;</a>&nbsp;&nbsp;&nbsp;c_setup
</UL>

<P><STRONG><a name="[f2]"></a>buttons_update</STRONG> (Thumb, 30 bytes, Stack size 8 bytes, buttons.o(.text))
<BR><BR>[Stack]<UL><LI>Max Depth = 120<LI>Call Chain = buttons_update &rArr; processButtons &rArr; processButton &rArr; tune_play &rArr; next &rArr;  next (Cycle)
</UL>
<BR>[Calls]<UL><LI><a href="#[13c]">&gt;&gt;</a>&nbsp;&nbsp;&nbsp;processButtons
<LI><a href="#[fb]">&gt;&gt;</a>&nbsp;&nbsp;&nbsp;millis_get
</UL>
<BR>[Called By]<UL><LI><a href="#[f0]">&gt;&gt;</a>&nbsp;&nbsp;&nbsp;c_loop
</UL>

<P><STRONG><a name="[27c]"></a>buttons_shutdown</STRONG> (Thumb, 2 bytes, Stack size 0 bytes, buttons.o(.text), UNUSED)

<P><STRONG><a name="[165]"></a>buttons_setFunc</STRONG> (Thumb, 20 bytes, Stack size 0 bytes, buttons.o(.text))
<BR><BR>[Called By]<UL><LI><a href="#[67]">&gt;&gt;</a>&nbsp;&nbsp;&nbsp;tunemakerOpen
<LI><a href="#[f6]">&gt;&gt;</a>&nbsp;&nbsp;&nbsp;alarm_update
</UL>

<P><STRONG><a name="[132]"></a>buttons_setFuncs</STRONG> (Thumb, 10 bytes, Stack size 0 bytes, buttons.o(.text))
<BR><BR>[Called By]<UL><LI><a href="#[65]">&gt;&gt;</a>&nbsp;&nbsp;&nbsp;torch_open
<LI><a href="#[66]">&gt;&gt;</a>&nbsp;&nbsp;&nbsp;stopwatch_open
<LI><a href="#[73]">&gt;&gt;</a>&nbsp;&nbsp;&nbsp;mOpen
<LI><a href="#[102]">&gt;&gt;</a>&nbsp;&nbsp;&nbsp;mMainOpen
<LI><a href="#[63]">&gt;&gt;</a>&nbsp;&nbsp;&nbsp;watchface_normal
<LI><a href="#[99]">&gt;&gt;</a>&nbsp;&nbsp;&nbsp;game3_start
<LI><a href="#[98]">&gt;&gt;</a>&nbsp;&nbsp;&nbsp;game2_start
<LI><a href="#[97]">&gt;&gt;</a>&nbsp;&nbsp;&nbsp;game1_start
<LI><a href="#[80]">&gt;&gt;</a>&nbsp;&nbsp;&nbsp;stopAlarm
</UL>

<P><STRONG><a name="[13e]"></a>buttons_isActive</STRONG> (Thumb, 76 bytes, Stack size 16 bytes, buttons.o(.text), UNUSED)
<BR><BR>[Calls]<UL><LI><a href="#[fb]">&gt;&gt;</a>&nbsp;&nbsp;&nbsp;millis_get
</UL>

<P><STRONG><a name="[13f]"></a>buttons_wake</STRONG> (Thumb, 58 bytes, Stack size 8 bytes, buttons.o(.text), UNUSED)
<BR><BR>[Calls]<UL><LI><a href="#[fb]">&gt;&gt;</a>&nbsp;&nbsp;&nbsp;millis_get
</UL>

<P><STRONG><a name="[63]"></a>watchface_normal</STRONG> (Thumb, 28 bytes, Stack size 8 bytes, normal.o(.text))
<BR><BR>[Stack]<UL><LI>Max Depth = 24<LI>Call Chain = watchface_normal &rArr; animation_start
</UL>
<BR>[Calls]<UL><LI><a href="#[132]">&gt;&gt;</a>&nbsp;&nbsp;&nbsp;buttons_setFuncs
<LI><a href="#[131]">&gt;&gt;</a>&nbsp;&nbsp;&nbsp;display_setDrawFunc
<LI><a href="#[10c]">&gt;&gt;</a>&nbsp;&nbsp;&nbsp;animation_start
</UL>
<BR>[Address Reference Count : 1]<UL><LI> main.o(.text)
</UL>
<P><STRONG><a name="[14a]"></a>time_timeMode</STRONG> (Thumb, 84 bytes, Stack size 0 bytes, time.o(.text))
<BR><BR>[Called By]<UL><LI><a href="#[168]">&gt;&gt;</a>&nbsp;&nbsp;&nbsp;makeAlarmStr
<LI><a href="#[86]">&gt;&gt;</a>&nbsp;&nbsp;&nbsp;selectAlarm
<LI><a href="#[164]">&gt;&gt;</a>&nbsp;&nbsp;&nbsp;goingOff
<LI><a href="#[15d]">&gt;&gt;</a>&nbsp;&nbsp;&nbsp;getNextAlarm
<LI><a href="#[7c]">&gt;&gt;</a>&nbsp;&nbsp;&nbsp;selectTime
<LI><a href="#[14e]">&gt;&gt;</a>&nbsp;&nbsp;&nbsp;time_set
<LI><a href="#[148]">&gt;&gt;</a>&nbsp;&nbsp;&nbsp;getRtcTime
</UL>

<P><STRONG><a name="[14b]"></a>time_wake</STRONG> (Thumb, 42 bytes, Stack size 16 bytes, time.o(.text))
<BR><BR>[Stack]<UL><LI>Max Depth = 48<LI>Call Chain = time_wake &rArr; getRtcTime &rArr; rtc_get &rArr; RTC_GetTime
</UL>
<BR>[Calls]<UL><LI><a href="#[14c]">&gt;&gt;</a>&nbsp;&nbsp;&nbsp;rtc_userAlarmState
<LI><a href="#[14d]">&gt;&gt;</a>&nbsp;&nbsp;&nbsp;rtc_systemAlarmState
<LI><a href="#[148]">&gt;&gt;</a>&nbsp;&nbsp;&nbsp;getRtcTime
</UL>
<BR>[Called By]<UL><LI><a href="#[ec]">&gt;&gt;</a>&nbsp;&nbsp;&nbsp;time_init
</UL>

<P><STRONG><a name="[ec]"></a>time_init</STRONG> (Thumb, 8 bytes, Stack size 8 bytes, time.o(.text))
<BR><BR>[Stack]<UL><LI>Max Depth = 56<LI>Call Chain = time_init &rArr; time_wake &rArr; getRtcTime &rArr; rtc_get &rArr; RTC_GetTime
</UL>
<BR>[Calls]<UL><LI><a href="#[14b]">&gt;&gt;</a>&nbsp;&nbsp;&nbsp;time_wake
</UL>
<BR>[Called By]<UL><LI><a href="#[e0]">&gt;&gt;</a>&nbsp;&nbsp;&nbsp;c_setup
</UL>

<P><STRONG><a name="[27d]"></a>time_sleep</STRONG> (Thumb, 8 bytes, Stack size 0 bytes, time.o(.text), UNUSED)

<P><STRONG><a name="[27e]"></a>time_shutdown</STRONG> (Thumb, 8 bytes, Stack size 0 bytes, time.o(.text), UNUSED)

<P><STRONG><a name="[14e]"></a>time_set</STRONG> (Thumb, 42 bytes, Stack size 8 bytes, time.o(.text))
<BR><BR>[Stack]<UL><LI>Max Depth = 96<LI>Call Chain = time_set &rArr; rtc_save &rArr; RTC_Set_Time &rArr; RTC_SetTime &rArr; RTC_EnterInitMode
</UL>
<BR>[Calls]<UL><LI><a href="#[14f]">&gt;&gt;</a>&nbsp;&nbsp;&nbsp;rtc_save
<LI><a href="#[150]">&gt;&gt;</a>&nbsp;&nbsp;&nbsp;alarm_updateNextAlarm
<LI><a href="#[14a]">&gt;&gt;</a>&nbsp;&nbsp;&nbsp;time_timeMode
</UL>
<BR>[Called By]<UL><LI><a href="#[7e]">&gt;&gt;</a>&nbsp;&nbsp;&nbsp;saveTimeDate
</UL>

<P><STRONG><a name="[152]"></a>time_isLeapYear</STRONG> (Thumb, 26 bytes, Stack size 0 bytes, time.o(.text))
<BR><BR>[Called By]<UL><LI><a href="#[151]">&gt;&gt;</a>&nbsp;&nbsp;&nbsp;time_monthDayCount
</UL>

<P><STRONG><a name="[15a]"></a>time_dow</STRONG> (Thumb, 100 bytes, Stack size 20 bytes, time.o(.text))
<BR><BR>[Stack]<UL><LI>Max Depth = 20<LI>Call Chain = time_dow
</UL>
<BR>[Called By]<UL><LI><a href="#[7d]">&gt;&gt;</a>&nbsp;&nbsp;&nbsp;selectDate
</UL>

<P><STRONG><a name="[151]"></a>time_monthDayCount</STRONG> (Thumb, 28 bytes, Stack size 12 bytes, time.o(.text))
<BR><BR>[Stack]<UL><LI>Max Depth = 12<LI>Call Chain = time_monthDayCount
</UL>
<BR>[Calls]<UL><LI><a href="#[152]">&gt;&gt;</a>&nbsp;&nbsp;&nbsp;time_isLeapYear
</UL>
<BR>[Called By]<UL><LI><a href="#[7d]">&gt;&gt;</a>&nbsp;&nbsp;&nbsp;selectDate
</UL>

<P><STRONG><a name="[153]"></a>time_timeStr</STRONG> (Thumb, 26 bytes, Stack size 8 bytes, time.o(.text))
<BR><BR>[Stack]<UL><LI>Max Depth = 144 + Unknown Stack Size
<LI>Call Chain = time_timeStr &rArr; __2sprintf &rArr; _printf_char_common &rArr; __printf
</UL>
<BR>[Calls]<UL><LI><a href="#[fe]">&gt;&gt;</a>&nbsp;&nbsp;&nbsp;__2sprintf
</UL>
<BR>[Called By]<UL><LI><a href="#[88]">&gt;&gt;</a>&nbsp;&nbsp;&nbsp;draw
<LI><a href="#[7f]">&gt;&gt;</a>&nbsp;&nbsp;&nbsp;draw
</UL>

<P><STRONG><a name="[f1]"></a>time_update</STRONG> (Thumb, 46 bytes, Stack size 8 bytes, time.o(.text))
<BR><BR>[Stack]<UL><LI>Max Depth = 88<LI>Call Chain = time_update &rArr; tune_play &rArr; next &rArr;  next (Cycle)
</UL>
<BR>[Calls]<UL><LI><a href="#[148]">&gt;&gt;</a>&nbsp;&nbsp;&nbsp;getRtcTime
<LI><a href="#[13a]">&gt;&gt;</a>&nbsp;&nbsp;&nbsp;tune_play
</UL>
<BR>[Called By]<UL><LI><a href="#[f0]">&gt;&gt;</a>&nbsp;&nbsp;&nbsp;c_loop
</UL>

<P><STRONG><a name="[a3]"></a>mTimeDateOpen</STRONG> (Thumb, 74 bytes, Stack size 8 bytes, timedate.o(.text))
<BR><BR>[Stack]<UL><LI>Max Depth = 36<LI>Call Chain = mTimeDateOpen &rArr; setMenuInfo &rArr; clear &rArr; __aeabi_memclr4
</UL>
<BR>[Calls]<UL><LI><a href="#[133]">&gt;&gt;</a>&nbsp;&nbsp;&nbsp;setMenuFuncs
<LI><a href="#[11c]">&gt;&gt;</a>&nbsp;&nbsp;&nbsp;setMenuInfo
<LI><a href="#[11b]">&gt;&gt;</a>&nbsp;&nbsp;&nbsp;beginAnimation2
<LI><a href="#[134]">&gt;&gt;</a>&nbsp;&nbsp;&nbsp;setPrevMenuOpen
</UL>
<BR>[Address Reference Count : 2]<UL><LI> timedate.o(.text)
<LI> settings.o(.text)
</UL>
<P><STRONG><a name="[145]"></a>drawBattery</STRONG> (Thumb, 62 bytes, Stack size 24 bytes, ui.o(.text))
<BR><BR>[Stack]<UL><LI>Max Depth = 104<LI>Call Chain = drawBattery &rArr; draw_bitmap
</UL>
<BR>[Calls]<UL><LI><a href="#[108]">&gt;&gt;</a>&nbsp;&nbsp;&nbsp;draw_bitmap
</UL>
<BR>[Called By]<UL><LI><a href="#[88]">&gt;&gt;</a>&nbsp;&nbsp;&nbsp;draw
<LI><a href="#[74]">&gt;&gt;</a>&nbsp;&nbsp;&nbsp;draw
</UL>

<P><STRONG><a name="[15f]"></a>alarm_get</STRONG> (Thumb, 18 bytes, Stack size 0 bytes, alarm.o(.text))
<BR><BR>[Called By]<UL><LI><a href="#[81]">&gt;&gt;</a>&nbsp;&nbsp;&nbsp;itemLoader
<LI><a href="#[86]">&gt;&gt;</a>&nbsp;&nbsp;&nbsp;selectAlarm
<LI><a href="#[161]">&gt;&gt;</a>&nbsp;&nbsp;&nbsp;alarm_getNext
<LI><a href="#[15d]">&gt;&gt;</a>&nbsp;&nbsp;&nbsp;getNextAlarm
</UL>

<P><STRONG><a name="[e9]"></a>alarm_init</STRONG> (Thumb, 8 bytes, Stack size 8 bytes, alarm.o(.text))
<BR><BR>[Stack]<UL><LI>Max Depth = 56<LI>Call Chain = alarm_init &rArr; getNextAlarm &rArr; toMinutes
</UL>
<BR>[Calls]<UL><LI><a href="#[15d]">&gt;&gt;</a>&nbsp;&nbsp;&nbsp;getNextAlarm
</UL>
<BR>[Called By]<UL><LI><a href="#[e0]">&gt;&gt;</a>&nbsp;&nbsp;&nbsp;c_setup
</UL>

<P><STRONG><a name="[160]"></a>alarm_reset</STRONG> (Thumb, 12 bytes, Stack size 8 bytes, alarm.o(.text), UNUSED)
<BR><BR>[Calls]<UL><LI><a href="#[116]">&gt;&gt;</a>&nbsp;&nbsp;&nbsp;__aeabi_memclr4
</UL>

<P><STRONG><a name="[161]"></a>alarm_getNext</STRONG> (Thumb, 30 bytes, Stack size 8 bytes, alarm.o(.text))
<BR><BR>[Stack]<UL><LI>Max Depth = 8<LI>Call Chain = alarm_getNext
</UL>
<BR>[Calls]<UL><LI><a href="#[15f]">&gt;&gt;</a>&nbsp;&nbsp;&nbsp;alarm_get
</UL>
<BR>[Called By]<UL><LI><a href="#[164]">&gt;&gt;</a>&nbsp;&nbsp;&nbsp;goingOff
</UL>

<P><STRONG><a name="[27f]"></a>alarm_getNextDay</STRONG> (Thumb, 6 bytes, Stack size 0 bytes, alarm.o(.text), UNUSED)

<P><STRONG><a name="[162]"></a>alarm_save</STRONG> (Thumb, 28 bytes, Stack size 16 bytes, alarm.o(.text))
<BR><BR>[Stack]<UL><LI>Max Depth = 64<LI>Call Chain = alarm_save &rArr; getNextAlarm &rArr; toMinutes
</UL>
<BR>[Calls]<UL><LI><a href="#[15d]">&gt;&gt;</a>&nbsp;&nbsp;&nbsp;getNextAlarm
</UL>
<BR>[Called By]<UL><LI><a href="#[86]">&gt;&gt;</a>&nbsp;&nbsp;&nbsp;selectAlarm
</UL>

<P><STRONG><a name="[f6]"></a>alarm_update</STRONG> (Thumb, 150 bytes, Stack size 16 bytes, alarm.o(.text))
<BR><BR>[Stack]<UL><LI>Max Depth = 96<LI>Call Chain = alarm_update &rArr; tune_play &rArr; next &rArr;  next (Cycle)
</UL>
<BR>[Calls]<UL><LI><a href="#[131]">&gt;&gt;</a>&nbsp;&nbsp;&nbsp;display_setDrawFunc
<LI><a href="#[166]">&gt;&gt;</a>&nbsp;&nbsp;&nbsp;led_flashing
<LI><a href="#[164]">&gt;&gt;</a>&nbsp;&nbsp;&nbsp;goingOff
<LI><a href="#[80]">&gt;&gt;</a>&nbsp;&nbsp;&nbsp;stopAlarm
<LI><a href="#[13a]">&gt;&gt;</a>&nbsp;&nbsp;&nbsp;tune_play
<LI><a href="#[13b]">&gt;&gt;</a>&nbsp;&nbsp;&nbsp;led_flash
<LI><a href="#[165]">&gt;&gt;</a>&nbsp;&nbsp;&nbsp;buttons_setFunc
</UL>
<BR>[Called By]<UL><LI><a href="#[f0]">&gt;&gt;</a>&nbsp;&nbsp;&nbsp;c_loop
</UL>

<P><STRONG><a name="[150]"></a>alarm_updateNextAlarm</STRONG> (Thumb, 8 bytes, Stack size 8 bytes, alarm.o(.text))
<BR><BR>[Stack]<UL><LI>Max Depth = 56<LI>Call Chain = alarm_updateNextAlarm &rArr; getNextAlarm &rArr; toMinutes
</UL>
<BR>[Calls]<UL><LI><a href="#[15d]">&gt;&gt;</a>&nbsp;&nbsp;&nbsp;getNextAlarm
</UL>
<BR>[Called By]<UL><LI><a href="#[14e]">&gt;&gt;</a>&nbsp;&nbsp;&nbsp;time_set
</UL>

<P><STRONG><a name="[64]"></a>mAlarmsOpen</STRONG> (Thumb, 42 bytes, Stack size 8 bytes, alarms.o(.text))
<BR><BR>[Stack]<UL><LI>Max Depth = 36<LI>Call Chain = mAlarmsOpen &rArr; setMenuInfo &rArr; clear &rArr; __aeabi_memclr4
</UL>
<BR>[Calls]<UL><LI><a href="#[133]">&gt;&gt;</a>&nbsp;&nbsp;&nbsp;setMenuFuncs
<LI><a href="#[11c]">&gt;&gt;</a>&nbsp;&nbsp;&nbsp;setMenuInfo
<LI><a href="#[11b]">&gt;&gt;</a>&nbsp;&nbsp;&nbsp;beginAnimation2
<LI><a href="#[134]">&gt;&gt;</a>&nbsp;&nbsp;&nbsp;setPrevMenuOpen
</UL>
<BR>[Address Reference Count : 2]<UL><LI> m_main.o(.text)
<LI> alarms.o(.text)
</UL>
<P><STRONG><a name="[66]"></a>stopwatch_open</STRONG> (Thumb, 24 bytes, Stack size 8 bytes, stopwatch.o(.text))
<BR><BR>[Stack]<UL><LI>Max Depth = 28<LI>Call Chain = stopwatch_open &rArr; menu_close &rArr; clear &rArr; __aeabi_memclr4
</UL>
<BR>[Calls]<UL><LI><a href="#[132]">&gt;&gt;</a>&nbsp;&nbsp;&nbsp;buttons_setFuncs
<LI><a href="#[6a]">&gt;&gt;</a>&nbsp;&nbsp;&nbsp;menu_close
<LI><a href="#[131]">&gt;&gt;</a>&nbsp;&nbsp;&nbsp;display_setDrawFunc
</UL>
<BR>[Address Reference Count : 1]<UL><LI> m_main.o(.text)
</UL>
<P><STRONG><a name="[147]"></a>stopwatch_active</STRONG> (Thumb, 14 bytes, Stack size 0 bytes, stopwatch.o(.text))
<BR><BR>[Called By]<UL><LI><a href="#[74]">&gt;&gt;</a>&nbsp;&nbsp;&nbsp;draw
</UL>

<P><STRONG><a name="[f5]"></a>stopwatch_update</STRONG> (Thumb, 56 bytes, Stack size 8 bytes, stopwatch.o(.text))
<BR><BR>[Stack]<UL><LI>Max Depth = 8<LI>Call Chain = stopwatch_update
</UL>
<BR>[Calls]<UL><LI><a href="#[fb]">&gt;&gt;</a>&nbsp;&nbsp;&nbsp;millis_get
</UL>
<BR>[Called By]<UL><LI><a href="#[f0]">&gt;&gt;</a>&nbsp;&nbsp;&nbsp;c_loop
</UL>

<P><STRONG><a name="[16c]"></a>game1_draw</STRONG> (Thumb, 904 bytes, Stack size 64 bytes, game1.o(.text))
<BR><BR>[Stack]<UL><LI>Max Depth = 224 + Unknown Stack Size
<LI>Call Chain = game1_draw &rArr; draw_string_P &rArr; draw_string &rArr; draw_bitmap
</UL>
<BR>[Calls]<UL><LI><a href="#[122]">&gt;&gt;</a>&nbsp;&nbsp;&nbsp;draw_string_P
<LI><a href="#[108]">&gt;&gt;</a>&nbsp;&nbsp;&nbsp;draw_bitmap
<LI><a href="#[ff]">&gt;&gt;</a>&nbsp;&nbsp;&nbsp;draw_string
<LI><a href="#[16e]">&gt;&gt;</a>&nbsp;&nbsp;&nbsp;buzzer_buzz
<LI><a href="#[16d]">&gt;&gt;</a>&nbsp;&nbsp;&nbsp;rand
<LI><a href="#[fe]">&gt;&gt;</a>&nbsp;&nbsp;&nbsp;__2sprintf
</UL>
<BR>[Address Reference Count : 1]<UL><LI> game1.o(.text)
</UL>
<P><STRONG><a name="[97]"></a>game1_start</STRONG> (Thumb, 220 bytes, Stack size 8 bytes, game1.o(.text))
<BR><BR>[Stack]<UL><LI>Max Depth = 72<LI>Call Chain = game1_start &rArr; calloc &rArr; malloc &rArr; __Heap_Full &rArr; __Heap_ProvideMemory &rArr; free
</UL>
<BR>[Calls]<UL><LI><a href="#[132]">&gt;&gt;</a>&nbsp;&nbsp;&nbsp;buttons_setFuncs
<LI><a href="#[6a]">&gt;&gt;</a>&nbsp;&nbsp;&nbsp;menu_close
<LI><a href="#[fb]">&gt;&gt;</a>&nbsp;&nbsp;&nbsp;millis_get
<LI><a href="#[131]">&gt;&gt;</a>&nbsp;&nbsp;&nbsp;display_setDrawFunc
<LI><a href="#[16f]">&gt;&gt;</a>&nbsp;&nbsp;&nbsp;srand
<LI><a href="#[170]">&gt;&gt;</a>&nbsp;&nbsp;&nbsp;calloc
</UL>
<BR>[Called By]<UL><LI><a href="#[8d]">&gt;&gt;</a>&nbsp;&nbsp;&nbsp;btnExit
</UL>
<BR>[Address Reference Count : 1]<UL><LI> games.o(.text)
</UL>
<P><STRONG><a name="[98]"></a>game2_start</STRONG> (Thumb, 94 bytes, Stack size 8 bytes, game2.o(.text))
<BR><BR>[Stack]<UL><LI>Max Depth = 28<LI>Call Chain = game2_start &rArr; menu_close &rArr; clear &rArr; __aeabi_memclr4
</UL>
<BR>[Calls]<UL><LI><a href="#[132]">&gt;&gt;</a>&nbsp;&nbsp;&nbsp;buttons_setFuncs
<LI><a href="#[6a]">&gt;&gt;</a>&nbsp;&nbsp;&nbsp;menu_close
<LI><a href="#[fb]">&gt;&gt;</a>&nbsp;&nbsp;&nbsp;millis_get
<LI><a href="#[131]">&gt;&gt;</a>&nbsp;&nbsp;&nbsp;display_setDrawFunc
<LI><a href="#[16f]">&gt;&gt;</a>&nbsp;&nbsp;&nbsp;srand
</UL>
<BR>[Called By]<UL><LI><a href="#[91]">&gt;&gt;</a>&nbsp;&nbsp;&nbsp;btnExit
</UL>
<BR>[Address Reference Count : 1]<UL><LI> games.o(.text)
</UL>
<P><STRONG><a name="[172]"></a>_DrawPoint</STRONG> (Thumb, 96 bytes, Stack size 20 bytes, game3.o(.text))
<BR><BR>[Stack]<UL><LI>Max Depth = 20<LI>Call Chain = _DrawPoint
</UL>
<BR>[Called By]<UL><LI><a href="#[171]">&gt;&gt;</a>&nbsp;&nbsp;&nbsp;draw_bitmap_set
</UL>

<P><STRONG><a name="[171]"></a>draw_bitmap_set</STRONG> (Thumb, 76 bytes, Stack size 24 bytes, game3.o(.text))
<BR><BR>[Stack]<UL><LI>Max Depth = 44<LI>Call Chain = draw_bitmap_set &rArr; _DrawPoint
</UL>
<BR>[Calls]<UL><LI><a href="#[172]">&gt;&gt;</a>&nbsp;&nbsp;&nbsp;_DrawPoint
</UL>
<BR>[Called By]<UL><LI><a href="#[93]">&gt;&gt;</a>&nbsp;&nbsp;&nbsp;draw
</UL>

<P><STRONG><a name="[173]"></a>draw_bitmap_s2</STRONG> (Thumb, 30 bytes, Stack size 24 bytes, game3.o(.text))
<BR><BR>[Stack]<UL><LI>Max Depth = 104<LI>Call Chain = draw_bitmap_s2 &rArr; draw_bitmap
</UL>
<BR>[Calls]<UL><LI><a href="#[108]">&gt;&gt;</a>&nbsp;&nbsp;&nbsp;draw_bitmap
</UL>
<BR>[Called By]<UL><LI><a href="#[93]">&gt;&gt;</a>&nbsp;&nbsp;&nbsp;draw
</UL>

<P><STRONG><a name="[99]"></a>game3_start</STRONG> (Thumb, 84 bytes, Stack size 16 bytes, game3.o(.text))
<BR><BR>[Stack]<UL><LI>Max Depth = 36<LI>Call Chain = game3_start &rArr; menu_close &rArr; clear &rArr; __aeabi_memclr4
</UL>
<BR>[Calls]<UL><LI><a href="#[132]">&gt;&gt;</a>&nbsp;&nbsp;&nbsp;buttons_setFuncs
<LI><a href="#[6a]">&gt;&gt;</a>&nbsp;&nbsp;&nbsp;menu_close
<LI><a href="#[fb]">&gt;&gt;</a>&nbsp;&nbsp;&nbsp;millis_get
<LI><a href="#[131]">&gt;&gt;</a>&nbsp;&nbsp;&nbsp;display_setDrawFunc
<LI><a href="#[16f]">&gt;&gt;</a>&nbsp;&nbsp;&nbsp;srand
</UL>
<BR>[Called By]<UL><LI><a href="#[94]">&gt;&gt;</a>&nbsp;&nbsp;&nbsp;btnExit
</UL>
<BR>[Address Reference Count : 1]<UL><LI> games.o(.text)
</UL>
<P><STRONG><a name="[68]"></a>mGamesOpen</STRONG> (Thumb, 46 bytes, Stack size 8 bytes, games.o(.text))
<BR><BR>[Stack]<UL><LI>Max Depth = 36<LI>Call Chain = mGamesOpen &rArr; setMenuInfo &rArr; clear &rArr; __aeabi_memclr4
</UL>
<BR>[Calls]<UL><LI><a href="#[133]">&gt;&gt;</a>&nbsp;&nbsp;&nbsp;setMenuFuncs
<LI><a href="#[11c]">&gt;&gt;</a>&nbsp;&nbsp;&nbsp;setMenuInfo
<LI><a href="#[11b]">&gt;&gt;</a>&nbsp;&nbsp;&nbsp;beginAnimation2
<LI><a href="#[134]">&gt;&gt;</a>&nbsp;&nbsp;&nbsp;setPrevMenuOpen
[...]
</UL>
<BR>[Address Reference Count : 1]<UL><LI> game3.o(.text)
</UL>
<P><STRONG><a name="[176]"></a>getItemCount</STRONG> (Thumb, 10 bytes, Stack size 0 bytes, games.o(.text))
<BR><BR>[Called By]<UL><LI><a href="#[68]">&gt;&gt;</a>&nbsp;&nbsp;&nbsp;mGamesOpen
</UL>

<P><STRONG><a name="[9a]"></a>itemLoader</STRONG> (Thumb, 54 bytes, Stack size 8 bytes, games.o(.text))
<BR><BR>[Stack]<UL><LI>Max Depth = 328<LI>Call Chain = itemLoader &rArr; addBackOption &rArr; setMenuOption_P &rArr; setMenuOption &rArr; __hardfp_sin &rArr; __ieee754_rem_pio2 &rArr; __aeabi_d2iz
</UL>
<BR>[Calls]<UL><LI><a href="#[11a]">&gt;&gt;</a>&nbsp;&nbsp;&nbsp;addBackOption
<LI><a href="#[114]">&gt;&gt;</a>&nbsp;&nbsp;&nbsp;setMenuOption_P
</UL>
<BR>[Address Reference Count : 1]<UL><LI> games.o(.text)
</UL>
<P><STRONG><a name="[9b]"></a>mSelect</STRONG> (Thumb, 16 bytes, Stack size 8 bytes, games.o(.text))
<BR><BR>[Stack]<UL><LI>Max Depth = 32<LI>Call Chain = mSelect &rArr; doAction &rArr; loader
</UL>
<BR>[Calls]<UL><LI><a href="#[11e]">&gt;&gt;</a>&nbsp;&nbsp;&nbsp;doAction
<LI><a href="#[117]">&gt;&gt;</a>&nbsp;&nbsp;&nbsp;setPrevMenuExit
</UL>
<BR>[Address Reference Count : 1]<UL><LI> games.o(.text)
</UL>
<P><STRONG><a name="[9d]"></a>btnExit</STRONG> (Thumb, 24 bytes, Stack size 8 bytes, torch.o(.text))
<BR><BR>[Stack]<UL><LI>Max Depth = 16<LI>Call Chain = btnExit &rArr; display_load
</UL>
<BR>[Calls]<UL><LI><a href="#[87]">&gt;&gt;</a>&nbsp;&nbsp;&nbsp;display_load
</UL>
<BR>[Address Reference Count : 1]<UL><LI> torch.o(.text)
</UL>
<P><STRONG><a name="[9e]"></a>btnFlashRate</STRONG> (Thumb, 48 bytes, Stack size 0 bytes, torch.o(.text))
<BR>[Address Reference Count : 1]<UL><LI> torch.o(.text)
</UL>
<P><STRONG><a name="[9c]"></a>draw</STRONG> (Thumb, 80 bytes, Stack size 8 bytes, torch.o(.text))
<BR><BR>[Stack]<UL><LI>Max Depth = 8<LI>Call Chain = draw
</UL>
<BR>[Calls]<UL><LI><a href="#[fb]">&gt;&gt;</a>&nbsp;&nbsp;&nbsp;millis_get
</UL>
<BR>[Address Reference Count : 1]<UL><LI> torch.o(.text)
</UL>
<P><STRONG><a name="[9f]"></a>setShowFPS</STRONG> (Thumb, 18 bytes, Stack size 0 bytes, diag.o(.text))
<BR>[Address Reference Count : 1]<UL><LI> diag.o(.text)
</UL>
<P><STRONG><a name="[177]"></a>updateFPS</STRONG> (Thumb, 44 bytes, Stack size 32 bytes, diag.o(.text))
<BR><BR>[Stack]<UL><LI>Max Depth = 296 + Unknown Stack Size
<LI>Call Chain = updateFPS &rArr; setMenuOption &rArr; __hardfp_sin &rArr; __ieee754_rem_pio2 &rArr; __aeabi_d2iz
</UL>
<BR>[Calls]<UL><LI><a href="#[10d]">&gt;&gt;</a>&nbsp;&nbsp;&nbsp;setMenuOption
<LI><a href="#[fe]">&gt;&gt;</a>&nbsp;&nbsp;&nbsp;__2sprintf
</UL>
<BR>[Called By]<UL><LI><a href="#[a1]">&gt;&gt;</a>&nbsp;&nbsp;&nbsp;itemLoader
</UL>

<P><STRONG><a name="[a0]"></a>batteryUpdate</STRONG> (Thumb, 2 bytes, Stack size 0 bytes, diag.o(.text))
<BR>[Address Reference Count : 1]<UL><LI> diag.o(.text)
</UL>
<P><STRONG><a name="[178]"></a>updateVoltage</STRONG> (Thumb, 30 bytes, Stack size 32 bytes, diag.o(.text))
<BR><BR>[Stack]<UL><LI>Max Depth = 296 + Unknown Stack Size
<LI>Call Chain = updateVoltage &rArr; setMenuOption &rArr; __hardfp_sin &rArr; __ieee754_rem_pio2 &rArr; __aeabi_d2iz
</UL>
<BR>[Calls]<UL><LI><a href="#[10d]">&gt;&gt;</a>&nbsp;&nbsp;&nbsp;setMenuOption
<LI><a href="#[fe]">&gt;&gt;</a>&nbsp;&nbsp;&nbsp;__2sprintf
</UL>
<BR>[Called By]<UL><LI><a href="#[a1]">&gt;&gt;</a>&nbsp;&nbsp;&nbsp;itemLoader
</UL>

<P><STRONG><a name="[179]"></a>updateTemperature</STRONG> (Thumb, 32 bytes, Stack size 32 bytes, diag.o(.text))
<BR><BR>[Stack]<UL><LI>Max Depth = 296 + Unknown Stack Size
<LI>Call Chain = updateTemperature &rArr; setMenuOption &rArr; __hardfp_sin &rArr; __ieee754_rem_pio2 &rArr; __aeabi_d2iz
</UL>
<BR>[Calls]<UL><LI><a href="#[10d]">&gt;&gt;</a>&nbsp;&nbsp;&nbsp;setMenuOption
<LI><a href="#[fe]">&gt;&gt;</a>&nbsp;&nbsp;&nbsp;__2sprintf
</UL>
<BR>[Called By]<UL><LI><a href="#[a1]">&gt;&gt;</a>&nbsp;&nbsp;&nbsp;itemLoader
</UL>

<P><STRONG><a name="[a1]"></a>itemLoader</STRONG> (Thumb, 66 bytes, Stack size 8 bytes, diag.o(.text))
<BR><BR>[Stack]<UL><LI>Max Depth = 328 + Unknown Stack Size
<LI>Call Chain = itemLoader &rArr; addBackOption &rArr; setMenuOption_P &rArr; setMenuOption &rArr; __hardfp_sin &rArr; __ieee754_rem_pio2 &rArr; __aeabi_d2iz
</UL>
<BR>[Calls]<UL><LI><a href="#[11a]">&gt;&gt;</a>&nbsp;&nbsp;&nbsp;addBackOption
<LI><a href="#[114]">&gt;&gt;</a>&nbsp;&nbsp;&nbsp;setMenuOption_P
<LI><a href="#[179]">&gt;&gt;</a>&nbsp;&nbsp;&nbsp;updateTemperature
<LI><a href="#[178]">&gt;&gt;</a>&nbsp;&nbsp;&nbsp;updateVoltage
<LI><a href="#[177]">&gt;&gt;</a>&nbsp;&nbsp;&nbsp;updateFPS
</UL>
<BR>[Address Reference Count : 1]<UL><LI> diag.o(.text)
</UL>
<P><STRONG><a name="[a2]"></a>mSelect</STRONG> (Thumb, 32 bytes, Stack size 16 bytes, diag.o(.text))
<BR><BR>[Stack]<UL><LI>Max Depth = 80<LI>Call Chain = mSelect &rArr; appconfig_save &rArr; STMFLASH_Write &rArr; FLASH_EraseSector &rArr; FLASH_WaitForLastOperation
</UL>
<BR>[Calls]<UL><LI><a href="#[11e]">&gt;&gt;</a>&nbsp;&nbsp;&nbsp;doAction
<LI><a href="#[117]">&gt;&gt;</a>&nbsp;&nbsp;&nbsp;setPrevMenuExit
<LI><a href="#[118]">&gt;&gt;</a>&nbsp;&nbsp;&nbsp;exitSelected
<LI><a href="#[154]">&gt;&gt;</a>&nbsp;&nbsp;&nbsp;appconfig_save
</UL>
<BR>[Address Reference Count : 1]<UL><LI> diag.o(.text)
</UL>
<P><STRONG><a name="[a8]"></a>itemLoader</STRONG> (Thumb, 70 bytes, Stack size 8 bytes, settings.o(.text))
<BR><BR>[Stack]<UL><LI>Max Depth = 328<LI>Call Chain = itemLoader &rArr; addBackOption &rArr; setMenuOption_P &rArr; setMenuOption &rArr; __hardfp_sin &rArr; __ieee754_rem_pio2 &rArr; __aeabi_d2iz
</UL>
<BR>[Calls]<UL><LI><a href="#[11a]">&gt;&gt;</a>&nbsp;&nbsp;&nbsp;addBackOption
<LI><a href="#[114]">&gt;&gt;</a>&nbsp;&nbsp;&nbsp;setMenuOption_P
</UL>
<BR>[Address Reference Count : 1]<UL><LI> settings.o(.text)
</UL>
<P><STRONG><a name="[a9]"></a>mSelect</STRONG> (Thumb, 16 bytes, Stack size 8 bytes, settings.o(.text))
<BR><BR>[Stack]<UL><LI>Max Depth = 32<LI>Call Chain = mSelect &rArr; doAction &rArr; loader
</UL>
<BR>[Calls]<UL><LI><a href="#[11e]">&gt;&gt;</a>&nbsp;&nbsp;&nbsp;doAction
<LI><a href="#[117]">&gt;&gt;</a>&nbsp;&nbsp;&nbsp;setPrevMenuExit
</UL>
<BR>[Address Reference Count : 1]<UL><LI> settings.o(.text)
</UL>
<P><STRONG><a name="[ae]"></a>setLEDs</STRONG> (Thumb, 18 bytes, Stack size 0 bytes, m_display.o(.text))
<BR>[Address Reference Count : 1]<UL><LI> m_display.o(.text)
</UL>
<P><STRONG><a name="[ad]"></a>setAnimations</STRONG> (Thumb, 20 bytes, Stack size 0 bytes, m_display.o(.text))
<BR>[Address Reference Count : 1]<UL><LI> m_display.o(.text)
</UL>
<P><STRONG><a name="[ac]"></a>setRotate</STRONG> (Thumb, 34 bytes, Stack size 8 bytes, m_display.o(.text))
<BR><BR>[Stack]<UL><LI>Max Depth = 40<LI>Call Chain = setRotate &rArr; LCD_Clear &rArr; LCD_SetCursor &rArr; LCD_WR_DATA
</UL>
<BR>[Calls]<UL><LI><a href="#[ef]">&gt;&gt;</a>&nbsp;&nbsp;&nbsp;LCD_Clear
</UL>
<BR>[Address Reference Count : 1]<UL><LI> m_display.o(.text)
</UL>
<P><STRONG><a name="[ab]"></a>setInvert</STRONG> (Thumb, 52 bytes, Stack size 0 bytes, m_display.o(.text))
<BR>[Address Reference Count : 1]<UL><LI> m_display.o(.text)
</UL>
<P><STRONG><a name="[aa]"></a>setBrightness</STRONG> (Thumb, 72 bytes, Stack size 0 bytes, m_display.o(.text))
<BR>[Address Reference Count : 1]<UL><LI> m_display.o(.text)
</UL>
<P><STRONG><a name="[17b]"></a>setMenuOptions</STRONG> (Thumb, 90 bytes, Stack size 8 bytes, m_display.o(.text))
<BR><BR>[Stack]<UL><LI>Max Depth = 320<LI>Call Chain = setMenuOptions &rArr; setMenuOption_P &rArr; setMenuOption &rArr; __hardfp_sin &rArr; __ieee754_rem_pio2 &rArr; __aeabi_d2iz
</UL>
<BR>[Calls]<UL><LI><a href="#[114]">&gt;&gt;</a>&nbsp;&nbsp;&nbsp;setMenuOption_P
</UL>
<BR>[Called By]<UL><LI><a href="#[af]">&gt;&gt;</a>&nbsp;&nbsp;&nbsp;itemLoader
<LI><a href="#[a6]">&gt;&gt;</a>&nbsp;&nbsp;&nbsp;mDisplayOpen
</UL>

<P><STRONG><a name="[af]"></a>itemLoader</STRONG> (Thumb, 14 bytes, Stack size 8 bytes, m_display.o(.text))
<BR><BR>[Stack]<UL><LI>Max Depth = 328<LI>Call Chain = itemLoader &rArr; addBackOption &rArr; setMenuOption_P &rArr; setMenuOption &rArr; __hardfp_sin &rArr; __ieee754_rem_pio2 &rArr; __aeabi_d2iz
</UL>
<BR>[Calls]<UL><LI><a href="#[11a]">&gt;&gt;</a>&nbsp;&nbsp;&nbsp;addBackOption
<LI><a href="#[17b]">&gt;&gt;</a>&nbsp;&nbsp;&nbsp;setMenuOptions
</UL>
<BR>[Address Reference Count : 1]<UL><LI> m_display.o(.text)
</UL>
<P><STRONG><a name="[b0]"></a>mSelect</STRONG> (Thumb, 32 bytes, Stack size 16 bytes, m_display.o(.text))
<BR><BR>[Stack]<UL><LI>Max Depth = 80<LI>Call Chain = mSelect &rArr; appconfig_save &rArr; STMFLASH_Write &rArr; FLASH_EraseSector &rArr; FLASH_WaitForLastOperation
</UL>
<BR>[Calls]<UL><LI><a href="#[11e]">&gt;&gt;</a>&nbsp;&nbsp;&nbsp;doAction
<LI><a href="#[117]">&gt;&gt;</a>&nbsp;&nbsp;&nbsp;setPrevMenuExit
<LI><a href="#[118]">&gt;&gt;</a>&nbsp;&nbsp;&nbsp;exitSelected
<LI><a href="#[154]">&gt;&gt;</a>&nbsp;&nbsp;&nbsp;appconfig_save
</UL>
<BR>[Address Reference Count : 1]<UL><LI> m_display.o(.text)
</UL>
<P><STRONG><a name="[b4]"></a>down</STRONG> (Thumb, 24 bytes, Stack size 0 bytes, tunemaker.o(.text))
<BR>[Address Reference Count : 1]<UL><LI> tunemaker.o(.text)
</UL>
<P><STRONG><a name="[b3]"></a>select</STRONG> (Thumb, 14 bytes, Stack size 8 bytes, tunemaker.o(.text))
<BR><BR>[Stack]<UL><LI>Max Depth = 24<LI>Call Chain = select &rArr; animation_start
</UL>
<BR>[Calls]<UL><LI><a href="#[10c]">&gt;&gt;</a>&nbsp;&nbsp;&nbsp;animation_start
</UL>
<BR>[Address Reference Count : 1]<UL><LI> tunemaker.o(.text)
</UL>
<P><STRONG><a name="[b2]"></a>up</STRONG> (Thumb, 26 bytes, Stack size 0 bytes, tunemaker.o(.text))
<BR>[Address Reference Count : 1]<UL><LI> tunemaker.o(.text)
</UL>
<P><STRONG><a name="[b1]"></a>draw</STRONG> (Thumb, 796 bytes, Stack size 16 bytes, tunemaker.o(.text))
<BR><BR>[Stack]<UL><LI>Max Depth = 176<LI>Call Chain = draw &rArr; draw_string_P &rArr; draw_string &rArr; draw_bitmap
</UL>
<BR>[Calls]<UL><LI><a href="#[122]">&gt;&gt;</a>&nbsp;&nbsp;&nbsp;draw_string_P
<LI><a href="#[108]">&gt;&gt;</a>&nbsp;&nbsp;&nbsp;draw_bitmap
<LI><a href="#[17e]">&gt;&gt;</a>&nbsp;&nbsp;&nbsp;__SysTick
<LI><a href="#[17c]">&gt;&gt;</a>&nbsp;&nbsp;&nbsp;OLED_DrawLine
<LI><a href="#[e4]">&gt;&gt;</a>&nbsp;&nbsp;&nbsp;__aeabi_memclr
</UL>
<BR>[Address Reference Count : 1]<UL><LI> tunemaker.o(.text)
</UL>
<P><STRONG><a name="[b5]"></a>next</STRONG> (Thumb, 70 bytes, Stack size 16 bytes, tune.o(.text))
<BR><BR>[Stack]<UL><LI>Max Depth = 64 + In Cycle
<LI>Call Chain = next &rArr;  next (Cycle)
</UL>
<BR>[Calls]<UL><LI><a href="#[b5]">&gt;&gt;</a>&nbsp;&nbsp;&nbsp;next
<LI><a href="#[16e]">&gt;&gt;</a>&nbsp;&nbsp;&nbsp;buzzer_buzz
</UL>
<BR>[Called By]<UL><LI><a href="#[b5]">&gt;&gt;</a>&nbsp;&nbsp;&nbsp;next
<LI><a href="#[13a]">&gt;&gt;</a>&nbsp;&nbsp;&nbsp;tune_play
</UL>
<BR>[Address Reference Count : 1]<UL><LI> tune.o(.text)
</UL>
<P><STRONG><a name="[b8]"></a>setVolumeHour</STRONG> (Thumb, 28 bytes, Stack size 8 bytes, sound.o(.text))
<BR><BR>[Stack]<UL><LI>Max Depth = 8<LI>Call Chain = setVolumeHour
</UL>
<BR>[Calls]<UL><LI><a href="#[17f]">&gt;&gt;</a>&nbsp;&nbsp;&nbsp;setVolume
</UL>
<BR>[Address Reference Count : 1]<UL><LI> sound.o(.text)
</UL>
<P><STRONG><a name="[b7]"></a>setVolumeAlarm</STRONG> (Thumb, 28 bytes, Stack size 8 bytes, sound.o(.text))
<BR><BR>[Stack]<UL><LI>Max Depth = 8<LI>Call Chain = setVolumeAlarm
</UL>
<BR>[Calls]<UL><LI><a href="#[17f]">&gt;&gt;</a>&nbsp;&nbsp;&nbsp;setVolume
</UL>
<BR>[Address Reference Count : 1]<UL><LI> sound.o(.text)
</UL>
<P><STRONG><a name="[b6]"></a>setVolumeUI</STRONG> (Thumb, 28 bytes, Stack size 8 bytes, sound.o(.text))
<BR><BR>[Stack]<UL><LI>Max Depth = 8<LI>Call Chain = setVolumeUI
</UL>
<BR>[Calls]<UL><LI><a href="#[17f]">&gt;&gt;</a>&nbsp;&nbsp;&nbsp;setVolume
</UL>
<BR>[Address Reference Count : 1]<UL><LI> sound.o(.text)
</UL>
<P><STRONG><a name="[180]"></a>setMenuOptions</STRONG> (Thumb, 76 bytes, Stack size 8 bytes, sound.o(.text))
<BR><BR>[Stack]<UL><LI>Max Depth = 320<LI>Call Chain = setMenuOptions &rArr; setMenuOption_P &rArr; setMenuOption &rArr; __hardfp_sin &rArr; __ieee754_rem_pio2 &rArr; __aeabi_d2iz
</UL>
<BR>[Calls]<UL><LI><a href="#[114]">&gt;&gt;</a>&nbsp;&nbsp;&nbsp;setMenuOption_P
</UL>
<BR>[Called By]<UL><LI><a href="#[b9]">&gt;&gt;</a>&nbsp;&nbsp;&nbsp;itemLoader
</UL>

<P><STRONG><a name="[b9]"></a>itemLoader</STRONG> (Thumb, 14 bytes, Stack size 8 bytes, sound.o(.text))
<BR><BR>[Stack]<UL><LI>Max Depth = 328<LI>Call Chain = itemLoader &rArr; addBackOption &rArr; setMenuOption_P &rArr; setMenuOption &rArr; __hardfp_sin &rArr; __ieee754_rem_pio2 &rArr; __aeabi_d2iz
</UL>
<BR>[Calls]<UL><LI><a href="#[11a]">&gt;&gt;</a>&nbsp;&nbsp;&nbsp;addBackOption
<LI><a href="#[180]">&gt;&gt;</a>&nbsp;&nbsp;&nbsp;setMenuOptions
</UL>
<BR>[Address Reference Count : 1]<UL><LI> sound.o(.text)
</UL>
<P><STRONG><a name="[ba]"></a>mSelect</STRONG> (Thumb, 28 bytes, Stack size 8 bytes, sound.o(.text))
<BR><BR>[Stack]<UL><LI>Max Depth = 72<LI>Call Chain = mSelect &rArr; appconfig_save &rArr; STMFLASH_Write &rArr; FLASH_EraseSector &rArr; FLASH_WaitForLastOperation
</UL>
<BR>[Calls]<UL><LI><a href="#[11e]">&gt;&gt;</a>&nbsp;&nbsp;&nbsp;doAction
<LI><a href="#[117]">&gt;&gt;</a>&nbsp;&nbsp;&nbsp;setPrevMenuExit
<LI><a href="#[118]">&gt;&gt;</a>&nbsp;&nbsp;&nbsp;exitSelected
<LI><a href="#[154]">&gt;&gt;</a>&nbsp;&nbsp;&nbsp;appconfig_save
</UL>
<BR>[Address Reference Count : 1]<UL><LI> sound.o(.text)
</UL>
<P><STRONG><a name="[17f]"></a>setVolume</STRONG> (Thumb, 12 bytes, Stack size 0 bytes, sound.o(.text))
<BR><BR>[Called By]<UL><LI><a href="#[b6]">&gt;&gt;</a>&nbsp;&nbsp;&nbsp;setVolumeUI
<LI><a href="#[b7]">&gt;&gt;</a>&nbsp;&nbsp;&nbsp;setVolumeAlarm
<LI><a href="#[b8]">&gt;&gt;</a>&nbsp;&nbsp;&nbsp;setVolumeHour
</UL>

<P><STRONG><a name="[be]"></a>mDraw</STRONG> (Thumb, 44 bytes, Stack size 8 bytes, sleep.o(.text))
<BR><BR>[Stack]<UL><LI>Max Depth = 144 + Unknown Stack Size
<LI>Call Chain = mDraw &rArr; __2sprintf &rArr; _printf_char_common &rArr; __printf
</UL>
<BR>[Calls]<UL><LI><a href="#[ff]">&gt;&gt;</a>&nbsp;&nbsp;&nbsp;draw_string
<LI><a href="#[fe]">&gt;&gt;</a>&nbsp;&nbsp;&nbsp;__2sprintf
</UL>
<BR>[Address Reference Count : 1]<UL><LI> sleep.o(.text)
</UL>
<P><STRONG><a name="[bb]"></a>setTimeout</STRONG> (Thumb, 20 bytes, Stack size 0 bytes, sleep.o(.text))
<BR>[Address Reference Count : 1]<UL><LI> sleep.o(.text)
</UL>
<P><STRONG><a name="[194]"></a>setMenuOptions</STRONG> (Thumb, 16 bytes, Stack size 8 bytes, sleep.o(.text))
<BR><BR>[Stack]<UL><LI>Max Depth = 320<LI>Call Chain = setMenuOptions &rArr; setMenuOption_P &rArr; setMenuOption &rArr; __hardfp_sin &rArr; __ieee754_rem_pio2 &rArr; __aeabi_d2iz
</UL>
<BR>[Calls]<UL><LI><a href="#[114]">&gt;&gt;</a>&nbsp;&nbsp;&nbsp;setMenuOption_P
</UL>
<BR>[Called By]<UL><LI><a href="#[bc]">&gt;&gt;</a>&nbsp;&nbsp;&nbsp;itemLoader
</UL>

<P><STRONG><a name="[bc]"></a>itemLoader</STRONG> (Thumb, 14 bytes, Stack size 8 bytes, sleep.o(.text))
<BR><BR>[Stack]<UL><LI>Max Depth = 328<LI>Call Chain = itemLoader &rArr; addBackOption &rArr; setMenuOption_P &rArr; setMenuOption &rArr; __hardfp_sin &rArr; __ieee754_rem_pio2 &rArr; __aeabi_d2iz
</UL>
<BR>[Calls]<UL><LI><a href="#[11a]">&gt;&gt;</a>&nbsp;&nbsp;&nbsp;addBackOption
<LI><a href="#[194]">&gt;&gt;</a>&nbsp;&nbsp;&nbsp;setMenuOptions
</UL>
<BR>[Address Reference Count : 1]<UL><LI> sleep.o(.text)
</UL>
<P><STRONG><a name="[bd]"></a>mSelect</STRONG> (Thumb, 28 bytes, Stack size 8 bytes, sleep.o(.text))
<BR><BR>[Stack]<UL><LI>Max Depth = 72<LI>Call Chain = mSelect &rArr; appconfig_save &rArr; STMFLASH_Write &rArr; FLASH_EraseSector &rArr; FLASH_WaitForLastOperation
</UL>
<BR>[Calls]<UL><LI><a href="#[11e]">&gt;&gt;</a>&nbsp;&nbsp;&nbsp;doAction
<LI><a href="#[117]">&gt;&gt;</a>&nbsp;&nbsp;&nbsp;setPrevMenuExit
<LI><a href="#[118]">&gt;&gt;</a>&nbsp;&nbsp;&nbsp;exitSelected
<LI><a href="#[154]">&gt;&gt;</a>&nbsp;&nbsp;&nbsp;appconfig_save
</UL>
<BR>[Address Reference Count : 1]<UL><LI> sleep.o(.text)
</UL>
<P><STRONG><a name="[196]"></a>flash</STRONG> (Thumb, 18 bytes, Stack size 16 bytes, led.o(.text))
<BR><BR>[Stack]<UL><LI>Max Depth = 16<LI>Call Chain = flash
</UL>
<BR>[Calls]<UL><LI><a href="#[fb]">&gt;&gt;</a>&nbsp;&nbsp;&nbsp;millis_get
</UL>
<BR>[Called By]<UL><LI><a href="#[13b]">&gt;&gt;</a>&nbsp;&nbsp;&nbsp;led_flash
</UL>

<P><STRONG><a name="[197]"></a>_update</STRONG> (Thumb, 58 bytes, Stack size 16 bytes, led.o(.text))
<BR><BR>[Stack]<UL><LI>Max Depth = 16<LI>Call Chain = _update
</UL>
<BR>[Calls]<UL><LI><a href="#[fb]">&gt;&gt;</a>&nbsp;&nbsp;&nbsp;millis_get
</UL>
<BR>[Called By]<UL><LI><a href="#[f4]">&gt;&gt;</a>&nbsp;&nbsp;&nbsp;led_update
</UL>

<P><STRONG><a name="[1be]"></a>stop</STRONG> (Thumb, 36 bytes, Stack size 8 bytes, beep.o(.text))
<BR><BR>[Stack]<UL><LI>Max Depth = 8<LI>Call Chain = stop
</UL>
<BR>[Calls]<UL><LI><a href="#[12d]">&gt;&gt;</a>&nbsp;&nbsp;&nbsp;TIM_Cmd
<LI><a href="#[1bf]">&gt;&gt;</a>&nbsp;&nbsp;&nbsp;TIM_SetCompare1
</UL>
<BR>[Called By]<UL><LI><a href="#[f3]">&gt;&gt;</a>&nbsp;&nbsp;&nbsp;buzzer_update
<LI><a href="#[16e]">&gt;&gt;</a>&nbsp;&nbsp;&nbsp;buzzer_buzz
</UL>

<P><STRONG><a name="[1ee]"></a>TI4_Config</STRONG> (Thumb, 80 bytes, Stack size 20 bytes, stm32f4xx_tim.o(.text), UNUSED)
<BR><BR>[Called By]<UL><LI><a href="#[1e7]">&gt;&gt;</a>&nbsp;&nbsp;&nbsp;TIM_ICInit
</UL>

<P><STRONG><a name="[1ec]"></a>TI3_Config</STRONG> (Thumb, 72 bytes, Stack size 20 bytes, stm32f4xx_tim.o(.text), UNUSED)
<BR><BR>[Called By]<UL><LI><a href="#[1e7]">&gt;&gt;</a>&nbsp;&nbsp;&nbsp;TIM_ICInit
</UL>

<P><STRONG><a name="[1ea]"></a>TI2_Config</STRONG> (Thumb, 90 bytes, Stack size 20 bytes, stm32f4xx_tim.o(.text), UNUSED)
<BR><BR>[Called By]<UL><LI><a href="#[1f3]">&gt;&gt;</a>&nbsp;&nbsp;&nbsp;TIM_TIxExternalClockConfig
<LI><a href="#[1f0]">&gt;&gt;</a>&nbsp;&nbsp;&nbsp;TIM_PWMIConfig
<LI><a href="#[1e7]">&gt;&gt;</a>&nbsp;&nbsp;&nbsp;TIM_ICInit
</UL>

<P><STRONG><a name="[1e8]"></a>TI1_Config</STRONG> (Thumb, 58 bytes, Stack size 20 bytes, stm32f4xx_tim.o(.text), UNUSED)
<BR><BR>[Called By]<UL><LI><a href="#[1f3]">&gt;&gt;</a>&nbsp;&nbsp;&nbsp;TIM_TIxExternalClockConfig
<LI><a href="#[1f0]">&gt;&gt;</a>&nbsp;&nbsp;&nbsp;TIM_PWMIConfig
<LI><a href="#[1e7]">&gt;&gt;</a>&nbsp;&nbsp;&nbsp;TIM_ICInit
</UL>

<P><STRONG><a name="[1fd]"></a>RTC_ByteToBcd2</STRONG> (Thumb, 28 bytes, Stack size 0 bytes, stm32f4xx_rtc.o(.text))
<BR><BR>[Called By]<UL><LI><a href="#[1c0]">&gt;&gt;</a>&nbsp;&nbsp;&nbsp;RTC_SetTime
<LI><a href="#[1c1]">&gt;&gt;</a>&nbsp;&nbsp;&nbsp;RTC_SetDate
<LI><a href="#[1c5]">&gt;&gt;</a>&nbsp;&nbsp;&nbsp;RTC_SetAlarm
</UL>

<P><STRONG><a name="[1fc]"></a>RTC_Bcd2ToByte</STRONG> (Thumb, 22 bytes, Stack size 0 bytes, stm32f4xx_rtc.o(.text))
<BR><BR>[Called By]<UL><LI><a href="#[18b]">&gt;&gt;</a>&nbsp;&nbsp;&nbsp;RTC_GetTime
<LI><a href="#[18c]">&gt;&gt;</a>&nbsp;&nbsp;&nbsp;RTC_GetDate
<LI><a href="#[201]">&gt;&gt;</a>&nbsp;&nbsp;&nbsp;RTC_GetTimeStamp
<LI><a href="#[1fe]">&gt;&gt;</a>&nbsp;&nbsp;&nbsp;RTC_GetAlarm
<LI><a href="#[1c0]">&gt;&gt;</a>&nbsp;&nbsp;&nbsp;RTC_SetTime
<LI><a href="#[1c1]">&gt;&gt;</a>&nbsp;&nbsp;&nbsp;RTC_SetDate
<LI><a href="#[1c5]">&gt;&gt;</a>&nbsp;&nbsp;&nbsp;RTC_SetAlarm
</UL>

<P><STRONG><a name="[24e]"></a>_dadd1</STRONG> (Thumb, 0 bytes, Stack size unknown bytes, daddsub_clz.o(x$fpl$dadd), UNUSED)
<BR><BR>[Called By]<UL><LI><a href="#[24f]">&gt;&gt;</a>&nbsp;&nbsp;&nbsp;_dsub
<LI><a href="#[24d]">&gt;&gt;</a>&nbsp;&nbsp;&nbsp;_drsb
</UL>

<P><STRONG><a name="[245]"></a>_dsub1</STRONG> (Thumb, 0 bytes, Stack size unknown bytes, daddsub_clz.o(x$fpl$dsub), UNUSED)
<BR><BR>[Called By]<UL><LI><a href="#[24d]">&gt;&gt;</a>&nbsp;&nbsp;&nbsp;_drsb
<LI><a href="#[244]">&gt;&gt;</a>&nbsp;&nbsp;&nbsp;_dadd
</UL>

<P><STRONG><a name="[c2]"></a>_printf_input_char</STRONG> (Thumb, 10 bytes, Stack size 0 bytes, _printf_char_common.o(.text))
<BR>[Address Reference Count : 1]<UL><LI> _printf_char_common.o(.text)
</UL><P>
<H3>
Undefined Global Symbols
</H3><HR></body></html>
